<html>
<body>
<pre>
<h1>µVision Build Log</h1>
<h2>Tool Versions:</h2>
IDE-Version: µVision V5.31.0.0
Copyright (C) 2020 ARM Ltd and ARM Germany GmbH. All rights reserved.
License Information: thabzdfbaf bfabf, abdfb, LIC=IK1BF-6Q8JC-X7ERZ-J2R02-V1YVP-BPPZM
 
Tool Versions:
Toolchain:       MDK-ARM Plus  Version: 5.31.0.0
Toolchain Path:  C:\Keil_v5\ARM\ARMCC\Bin
C Compiler:      Armcc.exe V5.06 update 6 (build 750)
Assembler:       Armasm.exe V5.06 update 6 (build 750)
Linker/Locator:  ArmLink.exe V5.06 update 6 (build 750)
Library Manager: ArmAr.exe V5.06 update 6 (build 750)
Hex Converter:   FromElf.exe V5.06 update 6 (build 750)
CPU DLL:         SARMCM3.DLL V5.31.0.0
Dialog DLL:      DCM.DLL V1.17.3.0
Target DLL:      STLink\ST-LINKIII-KEIL_SWO.dll V3.0.7.0
Dialog DLL:      TCM.DLL V1.46.0.0
 
<h2>Project:</h2>
D:\Microclimate Station Network\Code\Microclimate-Station-Network\Node_STM32\MDK-ARM\Node_STM32.uvprojx
Project File Date:  06/19/2024

<h2>Output:</h2>
*** Using Compiler 'V5.06 update 6 (build 750)', folder: 'C:\Keil_v5\ARM\ARMCC\Bin'
Rebuild target 'Node_STM32'
assembling startup_stm32f103xb.s...
compiling stm32f1xx_hal_gpio_ex.c...
compiling stm32f1xx_hal_adc_ex.c...
compiling stm32f1xx_hal_timebase_tim.c...
compiling freertos.c...
compiling stm32f1xx_hal_adc.c...
compiling stm32f1xx_hal_msp.c...
compiling stm32f1xx_hal_rcc_ex.c...
compiling stm32f1xx_hal.c...
compiling stm32f1xx_it.c...
compiling main.c...
../Core/Src/main.c(170): warning:  #1295-D: Deprecated declaration formatJson - give arg types
  void formatJson();
../Core/Src/main.c(176): warning:  #1295-D: Deprecated declaration readIDFromFlash - give arg types
  void readIDFromFlash();
../Core/Src/main.c(803): warning:  #223-D: function "sprintf" declared implicitly
  	sprintf(sensorVals.valTempToStr, "%d", loo);
../Core/Src/main.c(869): warning:  #177-D: variable "i"  was declared but never referenced
  	int i=0;
../Core/Src/main.c(926): warning:  #223-D: function "sprintf" declared implicitly
  	sprintf(messPrint,"%s\r\n",str);
../Core/Src/main.c(967): warning:  #223-D: function "sprintf" declared implicitly
  	sprintf(msg,"%d",i);
../Core/Src/main.c(1047): warning:  #223-D: function "sprintf" declared implicitly
  		sprintf(msg, "%s", messRecv);
../Core/Src/main.c(1034): warning:  #177-D: variable "i"  was declared but never referenced
  	int i = 0;
../Core/Src/main.c: 8 warnings, 0 errors
compiling stm32f1xx_hal_rcc.c...
compiling stm32f1xx_hal_gpio.c...
compiling stm32f1xx_hal_exti.c...
compiling stm32f1xx_hal_cortex.c...
compiling stm32f1xx_hal_flash.c...
compiling stm32f1xx_hal_dma.c...
compiling stm32f1xx_hal_flash_ex.c...
compiling stm32f1xx_hal_pwr.c...
compiling croutine.c...
compiling stm32f1xx_hal_spi.c...
compiling cJSON.c...
compiling list.c...
compiling event_groups.c...
compiling queue.c...
compiling stm32f1xx_hal_tim_ex.c...
compiling stm32f1xx_hal_i2c.c...
compiling stream_buffer.c...
compiling timers.c...
compiling tasks.c...
compiling heap_4.c...
compiling stm32f1xx_hal_uart.c...
compiling cmsis_os.c...
compiling port.c...
compiling stm32f1xx_hal_tim.c...
compiling LoRa.c...
compiling system_stm32f1xx.c...
compiling i2c-lcd.c...
compiling flash.c...
linking...
Program Size: Code=31080 RO-data=956 RW-data=172 ZI-data=7620  
FromELF: creating hex file...
"Node_STM32\Node_STM32.axf" - 0 Error(s), 8 Warning(s).

<h2>Software Packages used:</h2>

Package Vendor: ARM
                http://www.keil.com/pack/ARM.CMSIS.5.7.0.pack
                ARM.CMSIS.5.7.0
                CMSIS (Cortex Microcontroller Software Interface Standard)
   * Component: CORE Version: 5.4.0

Package Vendor: Keil
                http://www.keil.com/pack/Keil.STM32F1xx_DFP.2.4.0.pack
                Keil.STM32F1xx_DFP.2.4.0
                STMicroelectronics STM32F1 Series Device Support, Drivers and Examples

<h2>Collection of Component include folders:</h2>
  .\RTE\_Node_STM32
  C:\Users\admin\AppData\Local\Arm\Packs\ARM\CMSIS\5.7.0\CMSIS\Core\Include
  C:\Users\admin\AppData\Local\Arm\Packs\Keil\STM32F1xx_DFP\2.4.0\Device\Include

<h2>Collection of Component Files used:</h2>

   * Component: ARM::CMSIS:CORE:5.4.0
      Include file:  CMSIS\Core\Include\tz_context.h
Build Time Elapsed:  00:00:24
</pre>
</body>
</html>
