Component: ARM Compiler 5.06 update 6 (build 750) Tool: armlink [4d35ed]

==============================================================================

Section Cross References

    startup_stm32f103xb.o(STACK) refers (Special) to heapauxi.o(.text) for __use_two_region_memory
    startup_stm32f103xb.o(HEAP) refers (Special) to heapauxi.o(.text) for __use_two_region_memory
    startup_stm32f103xb.o(RESET) refers (Special) to heapauxi.o(.text) for __use_two_region_memory
    startup_stm32f103xb.o(RESET) refers to startup_stm32f103xb.o(STACK) for __initial_sp
    startup_stm32f103xb.o(RESET) refers to startup_stm32f103xb.o(.text) for Reset_Handler
    startup_stm32f103xb.o(RESET) refers to stm32f1xx_it.o(i.NMI_Handler) for NMI_Handler
    startup_stm32f103xb.o(RESET) refers to stm32f1xx_it.o(i.HardFault_Handler) for HardFault_Handler
    startup_stm32f103xb.o(RESET) refers to stm32f1xx_it.o(i.MemManage_Handler) for MemManage_Handler
    startup_stm32f103xb.o(RESET) refers to stm32f1xx_it.o(i.BusFault_Handler) for BusFault_Handler
    startup_stm32f103xb.o(RESET) refers to stm32f1xx_it.o(i.UsageFault_Handler) for UsageFault_Handler
    startup_stm32f103xb.o(RESET) refers to port.o(.emb_text) for SVC_Handler
    startup_stm32f103xb.o(RESET) refers to stm32f1xx_it.o(i.DebugMon_Handler) for DebugMon_Handler
    startup_stm32f103xb.o(RESET) refers to port.o(i.SysTick_Handler) for SysTick_Handler
    startup_stm32f103xb.o(RESET) refers to stm32f1xx_it.o(i.EXTI9_5_IRQHandler) for EXTI9_5_IRQHandler
    startup_stm32f103xb.o(RESET) refers to stm32f1xx_it.o(i.TIM4_IRQHandler) for TIM4_IRQHandler
    startup_stm32f103xb.o(.text) refers (Special) to heapauxi.o(.text) for __use_two_region_memory
    startup_stm32f103xb.o(.text) refers to system_stm32f1xx.o(i.SystemInit) for SystemInit
    startup_stm32f103xb.o(.text) refers to __main.o(!!!main) for __main
    startup_stm32f103xb.o(.text) refers to startup_stm32f103xb.o(HEAP) for Heap_Mem
    startup_stm32f103xb.o(.text) refers to startup_stm32f103xb.o(STACK) for Stack_Mem
    main.o(i.HAL_GPIO_EXTI_Callback) refers to lora.o(i.LoRa_receive) for LoRa_receive
    main.o(i.HAL_GPIO_EXTI_Callback) refers to strcmpv7m.o(.text) for strcmp
    main.o(i.HAL_GPIO_EXTI_Callback) refers to cmsis_os.o(i.osSemaphoreRelease) for osSemaphoreRelease
    main.o(i.HAL_GPIO_EXTI_Callback) refers to main.o(.bss) for .bss
    main.o(i.HAL_GPIO_EXTI_Callback) refers to main.o(.data) for .data
    main.o(i.HAL_TIM_PeriodElapsedCallback) refers to stm32f1xx_hal.o(i.HAL_IncTick) for HAL_IncTick
    main.o(i.MX_ADC1_Init) refers to stm32f1xx_hal_adc.o(i.HAL_ADC_Init) for HAL_ADC_Init
    main.o(i.MX_ADC1_Init) refers to stm32f1xx_hal_adc.o(i.HAL_ADC_ConfigChannel) for HAL_ADC_ConfigChannel
    main.o(i.MX_ADC1_Init) refers to main.o(.bss) for .bss
    main.o(i.MX_ADC2_Init) refers to stm32f1xx_hal_adc.o(i.HAL_ADC_Init) for HAL_ADC_Init
    main.o(i.MX_ADC2_Init) refers to stm32f1xx_hal_adc.o(i.HAL_ADC_ConfigChannel) for HAL_ADC_ConfigChannel
    main.o(i.MX_ADC2_Init) refers to main.o(.bss) for .bss
    main.o(i.MX_GPIO_Init) refers to stm32f1xx_hal_gpio.o(i.HAL_GPIO_WritePin) for HAL_GPIO_WritePin
    main.o(i.MX_GPIO_Init) refers to stm32f1xx_hal_gpio.o(i.HAL_GPIO_Init) for HAL_GPIO_Init
    main.o(i.MX_GPIO_Init) refers to stm32f1xx_hal_cortex.o(i.HAL_NVIC_SetPriority) for HAL_NVIC_SetPriority
    main.o(i.MX_GPIO_Init) refers to stm32f1xx_hal_cortex.o(i.HAL_NVIC_EnableIRQ) for HAL_NVIC_EnableIRQ
    main.o(i.MX_SPI1_Init) refers to stm32f1xx_hal_spi.o(i.HAL_SPI_Init) for HAL_SPI_Init
    main.o(i.MX_SPI1_Init) refers to main.o(.bss) for .bss
    main.o(i.MX_TIM2_Init) refers to stm32f1xx_hal_tim.o(i.HAL_TIM_IC_Init) for HAL_TIM_IC_Init
    main.o(i.MX_TIM2_Init) refers to stm32f1xx_hal_tim_ex.o(i.HAL_TIMEx_MasterConfigSynchronization) for HAL_TIMEx_MasterConfigSynchronization
    main.o(i.MX_TIM2_Init) refers to stm32f1xx_hal_tim.o(i.HAL_TIM_IC_ConfigChannel) for HAL_TIM_IC_ConfigChannel
    main.o(i.MX_TIM2_Init) refers to main.o(.bss) for .bss
    main.o(i.SystemClock_Config) refers to rt_memclr_w.o(.text) for __aeabi_memclr4
    main.o(i.SystemClock_Config) refers to stm32f1xx_hal_rcc.o(i.HAL_RCC_OscConfig) for HAL_RCC_OscConfig
    main.o(i.SystemClock_Config) refers to stm32f1xx_hal_rcc.o(i.HAL_RCC_ClockConfig) for HAL_RCC_ClockConfig
    main.o(i.SystemClock_Config) refers to stm32f1xx_hal_rcc_ex.o(i.HAL_RCCEx_PeriphCLKConfig) for HAL_RCCEx_PeriphCLKConfig
    main.o(i.formatJson) refers to _printf_percent.o(.ARM.Collect$$_printf_percent$$00000000) for _printf_percent
    main.o(i.formatJson) refers to _printf_d.o(.ARM.Collect$$_printf_percent$$00000009) for _printf_d
    main.o(i.formatJson) refers to _printf_dec.o(.text) for _printf_int_dec
    main.o(i.formatJson) refers to __2sprintf.o(.text) for __2sprintf
    main.o(i.formatJson) refers to strcat.o(.text) for strcat
    main.o(i.formatJson) refers to main.o(.bss) for .bss
[...]
    SPI_EndRxTransaction                     0x08002ee1   Thumb Code    92  stm32f1xx_hal_spi.o(i.SPI_EndRxTransaction)
    i.SPI_EndRxTxTransaction                 0x08002f3c   Section        0  stm32f1xx_hal_spi.o(i.SPI_EndRxTxTransaction)
    SPI_EndRxTxTransaction                   0x08002f3d   Thumb Code    32  stm32f1xx_hal_spi.o(i.SPI_EndRxTxTransaction)
    i.SPI_WaitFlagStateUntilTimeout          0x08002f5c   Section        0  stm32f1xx_hal_spi.o(i.SPI_WaitFlagStateUntilTimeout)
    SPI_WaitFlagStateUntilTimeout            0x08002f5d   Thumb Code   180  stm32f1xx_hal_spi.o(i.SPI_WaitFlagStateUntilTimeout)
    i.SysTick_Handler                        0x08003014   Section        0  port.o(i.SysTick_Handler)
    i.SystemClock_Config                     0x08003040   Section        0  main.o(i.SystemClock_Config)
    i.SystemInit                             0x080030b8   Section        0  system_stm32f1xx.o(i.SystemInit)
    i.TIM4_IRQHandler                        0x080030bc   Section        0  stm32f1xx_it.o(i.TIM4_IRQHandler)
    i.TIM_Base_SetConfig                     0x080030c8   Section        0  stm32f1xx_hal_tim.o(i.TIM_Base_SetConfig)
    i.TIM_TI1_SetConfig                      0x08003134   Section        0  stm32f1xx_hal_tim.o(i.TIM_TI1_SetConfig)
    i.TIM_TI2_SetConfig                      0x0800318c   Section        0  stm32f1xx_hal_tim.o(i.TIM_TI2_SetConfig)
    TIM_TI2_SetConfig                        0x0800318d   Thumb Code    54  stm32f1xx_hal_tim.o(i.TIM_TI2_SetConfig)
    i.UART_SetConfig                         0x080031c4   Section        0  stm32f1xx_hal_uart.o(i.UART_SetConfig)
    UART_SetConfig                           0x080031c5   Thumb Code   178  stm32f1xx_hal_uart.o(i.UART_SetConfig)
    i.UART_WaitOnFlagUntilTimeout            0x0800327c   Section        0  stm32f1xx_hal_uart.o(i.UART_WaitOnFlagUntilTimeout)
    UART_WaitOnFlagUntilTimeout              0x0800327d   Thumb Code   120  stm32f1xx_hal_uart.o(i.UART_WaitOnFlagUntilTimeout)
    i.UsageFault_Handler                     0x080032f4   Section        0  stm32f1xx_it.o(i.UsageFault_Handler)
    i.__NVIC_SetPriority                     0x080032f6   Section        0  stm32f1xx_hal_cortex.o(i.__NVIC_SetPriority)
    __NVIC_SetPriority                       0x080032f7   Thumb Code    32  stm32f1xx_hal_cortex.o(i.__NVIC_SetPriority)
    i._is_digit                              0x08003316   Section        0  __printf_wp.o(i._is_digit)
    i.formatJson                             0x08003324   Section        0  main.o(i.formatJson)
    i.inHandlerMode                          0x0800357c   Section        0  cmsis_os.o(i.inHandlerMode)
    inHandlerMode                            0x0800357d   Thumb Code    12  cmsis_os.o(i.inHandlerMode)
    i.lcd_goto_XY                            0x08003588   Section        0  i2c-lcd.o(i.lcd_goto_XY)
    i.lcd_init                               0x0800359e   Section        0  i2c-lcd.o(i.lcd_init)
    i.lcd_send_cmd                           0x080035f8   Section        0  i2c-lcd.o(i.lcd_send_cmd)
    i.lcd_send_data                          0x08003638   Section        0  i2c-lcd.o(i.lcd_send_data)
    i.lcd_send_string                        0x08003678   Section        0  i2c-lcd.o(i.lcd_send_string)
    i.main                                   0x0800368c   Section        0  main.o(i.main)
    i.makeFreeRtosPriority                   0x08003890   Section        0  cmsis_os.o(i.makeFreeRtosPriority)
    makeFreeRtosPriority                     0x08003891   Thumb Code    12  cmsis_os.o(i.makeFreeRtosPriority)
    i.newLoRa                                0x0800389c   Section        0  lora.o(i.newLoRa)
    i.osKernelStart                          0x080038d4   Section        0  cmsis_os.o(i.osKernelStart)
    i.osSemaphoreCreate                      0x080038de   Section        0  cmsis_os.o(i.osSemaphoreCreate)
    i.osSemaphoreRelease                     0x0800391c   Section        0  cmsis_os.o(i.osSemaphoreRelease)
    i.osSemaphoreWait                        0x0800396c   Section        0  cmsis_os.o(i.osSemaphoreWait)
    i.osThreadCreate                         0x080039d0   Section        0  cmsis_os.o(i.osThreadCreate)
    i.printUart                              0x08003a24   Section        0  main.o(i.printUart)
    i.prvAddCurrentTaskToDelayedList         0x08003a58   Section        0  tasks.o(i.prvAddCurrentTaskToDelayedList)
    prvAddCurrentTaskToDelayedList           0x08003a59   Thumb Code   102  tasks.o(i.prvAddCurrentTaskToDelayedList)
    i.prvAddNewTaskToReadyList               0x08003ac8   Section        0  tasks.o(i.prvAddNewTaskToReadyList)
    prvAddNewTaskToReadyList                 0x08003ac9   Thumb Code   194  tasks.o(i.prvAddNewTaskToReadyList)
    i.prvCopyDataFromQueue                   0x08003b98   Section        0  queue.o(i.prvCopyDataFromQueue)
    prvCopyDataFromQueue                     0x08003b99   Thumb Code    38  queue.o(i.prvCopyDataFromQueue)
    i.prvCopyDataToQueue                     0x08003bbe   Section        0  queue.o(i.prvCopyDataToQueue)
    prvCopyDataToQueue                       0x08003bbf   Thumb Code   108  queue.o(i.prvCopyDataToQueue)
    i.prvDeleteTCB                           0x08003c2a   Section        0  tasks.o(i.prvDeleteTCB)
    prvDeleteTCB                             0x08003c2b   Thumb Code    52  tasks.o(i.prvDeleteTCB)
    i.prvHeapInit                            0x08003c60   Section        0  heap_4.o(i.prvHeapInit)
    prvHeapInit                              0x08003c61   Thumb Code    66  heap_4.o(i.prvHeapInit)
    i.prvIdleTask                            0x08003cac   Section        0  tasks.o(i.prvIdleTask)
    prvIdleTask                              0x08003cad   Thumb Code    82  tasks.o(i.prvIdleTask)
    i.prvInitialiseNewQueue                  0x08003d0c   Section        0  queue.o(i.prvInitialiseNewQueue)
    prvInitialiseNewQueue                    0x08003d0d   Thumb Code    22  queue.o(i.prvInitialiseNewQueue)
    i.prvInitialiseNewTask                   0x08003d22   Section        0  tasks.o(i.prvInitialiseNewTask)
    prvInitialiseNewTask                     0x08003d23   Thumb Code   142  tasks.o(i.prvInitialiseNewTask)
    i.prvInsertBlockIntoFreeList             0x08003db0   Section        0  heap_4.o(i.prvInsertBlockIntoFreeList)
    prvInsertBlockIntoFreeList               0x08003db1   Thumb Code    72  heap_4.o(i.prvInsertBlockIntoFreeList)
    i.prvIsQueueEmpty                        0x08003dfc   Section        0  queue.o(i.prvIsQueueEmpty)
    prvIsQueueEmpty                          0x08003dfd   Thumb Code    28  queue.o(i.prvIsQueueEmpty)
    i.prvResetNextTaskUnblockTime            0x08003e18   Section        0  tasks.o(i.prvResetNextTaskUnblockTime)
    prvResetNextTaskUnblockTime              0x08003e19   Thumb Code    26  tasks.o(i.prvResetNextTaskUnblockTime)
    i.prvTaskExitError                       0x08003e38   Section        0  port.o(i.prvTaskExitError)
    prvTaskExitError                         0x08003e39   Thumb Code    36  port.o(i.prvTaskExitError)
    i.prvUnlockQueue                         0x08003e60   Section        0  queue.o(i.prvUnlockQueue)
    prvUnlockQueue                           0x08003e61   Thumb Code   106  queue.o(i.prvUnlockQueue)
    i.pvPortMalloc                           0x08003ecc   Section        0  heap_4.o(i.pvPortMalloc)
    i.pvTaskIncrementMutexHeldCount          0x08003fa4   Section        0  tasks.o(i.pvTaskIncrementMutexHeldCount)
    i.pxPortInitialiseStack                  0x08003fbc   Section        0  port.o(i.pxPortInitialiseStack)
    i.recvMessageTask                        0x08003fe0   Section        0  main.o(i.recvMessageTask)
    i.sendMessageTask                        0x08004090   Section        0  main.o(i.sendMessageTask)
    i.uxListRemove                           0x080041d4   Section        0  list.o(i.uxListRemove)
    i.vApplicationGetIdleTaskMemory          0x080041fc   Section        0  freertos.o(i.vApplicationGetIdleTaskMemory)
    i.vListInitialise                        0x08004210   Section        0  list.o(i.vListInitialise)
    i.vListInitialiseItem                    0x08004226   Section        0  list.o(i.vListInitialiseItem)
    i.vListInsert                            0x0800422c   Section        0  list.o(i.vListInsert)
    i.vListInsertEnd                         0x0800425c   Section        0  list.o(i.vListInsertEnd)
    i.vPortEnterCritical                     0x08004274   Section        0  port.o(i.vPortEnterCritical)
    i.vPortExitCritical                      0x080042b4   Section        0  port.o(i.vPortExitCritical)
    i.vPortFree                              0x080042dc   Section        0  heap_4.o(i.vPortFree)
    i.vPortSetupTimerInterrupt               0x08004338   Section        0  port.o(i.vPortSetupTimerInterrupt)
    i.vPortValidateInterruptPriority         0x0800435c   Section        0  port.o(i.vPortValidateInterruptPriority)
    i.vTaskInternalSetTimeOutState           0x080043b0   Section        0  tasks.o(i.vTaskInternalSetTimeOutState)
    i.vTaskMissedYield                       0x080043c0   Section        0  tasks.o(i.vTaskMissedYield)
    i.vTaskPlaceOnEventList                  0x080043cc   Section        0  tasks.o(i.vTaskPlaceOnEventList)
    i.vTaskPriorityDisinheritAfterTimeout    0x080043fc   Section        0  tasks.o(i.vTaskPriorityDisinheritAfterTimeout)
    i.vTaskStartScheduler                    0x080044a4   Section        0  tasks.o(i.vTaskStartScheduler)
    i.vTaskSuspendAll                        0x08004510   Section        0  tasks.o(i.vTaskSuspendAll)
    i.vTaskSwitchContext                     0x08004520   Section        0  tasks.o(i.vTaskSwitchContext)
    i.xPortStartScheduler                    0x0800457c   Section        0  port.o(i.xPortStartScheduler)
    i.xQueueGenericCreate                    0x08004624   Section        0  queue.o(i.xQueueGenericCreate)
    i.xQueueGenericCreateStatic              0x0800466c   Section        0  queue.o(i.xQueueGenericCreateStatic)
    i.xQueueGenericReset                     0x080046d4   Section        0  queue.o(i.xQueueGenericReset)
    i.xQueueGenericSend                      0x0800475c   Section        0  queue.o(i.xQueueGenericSend)
    i.xQueueGiveFromISR                      0x080048bc   Section        0  queue.o(i.xQueueGiveFromISR)
    i.xQueueReceiveFromISR                   0x08004958   Section        0  queue.o(i.xQueueReceiveFromISR)
    i.xQueueSemaphoreTake                    0x080049f4   Section        0  queue.o(i.xQueueSemaphoreTake)
    i.xTaskCheckForTimeOut                   0x08004b6c   Section        0  tasks.o(i.xTaskCheckForTimeOut)
    i.xTaskCreate                            0x08004be0   Section        0  tasks.o(i.xTaskCreate)
    i.xTaskCreateStatic                      0x08004c3a   Section        0  tasks.o(i.xTaskCreateStatic)
    i.xTaskGetSchedulerState                 0x08004c90   Section        0  tasks.o(i.xTaskGetSchedulerState)
    i.xTaskIncrementTick                     0x08004cac   Section        0  tasks.o(i.xTaskIncrementTick)
    i.xTaskPriorityDisinherit                0x08004d74   Section        0  tasks.o(i.xTaskPriorityDisinherit)
    i.xTaskPriorityInherit                   0x08004e0c   Section        0  tasks.o(i.xTaskPriorityInherit)
    i.xTaskRemoveFromEventList               0x08004ea0   Section        0  tasks.o(i.xTaskRemoveFromEventList)
    i.xTaskResumeAll                         0x08004f14   Section        0  tasks.o(i.xTaskResumeAll)
    x$fpl$ddiv                               0x08004fd8   Section      688  ddiv.o(x$fpl$ddiv)
    ddiv_entry                               0x08004fdf   Thumb Code     0  ddiv.o(x$fpl$ddiv)
    x$fpl$dfix                               0x08005288   Section       94  dfix.o(x$fpl$dfix)
    x$fpl$dflt                               0x080052e6   Section       46  dflt_clz.o(x$fpl$dflt)
    x$fpl$dnaninf                            0x08005314   Section      156  dnaninf.o(x$fpl$dnaninf)
    x$fpl$dretinf                            0x080053b0   Section       12  dretinf.o(x$fpl$dretinf)
    .constdata                               0x080053bc   Section       56  main.o(.constdata)
    x$fpl$usenofp                            0x080053bc   Section        0  usenofp.o(x$fpl$usenofp)
    .constdata                               0x080053f4   Section       18  stm32f1xx_hal_rcc.o(.constdata)
    aPredivFactorTable                       0x080053f4   Data           2  stm32f1xx_hal_rcc.o(.constdata)
    aPLLMULFactorTable                       0x080053f6   Data          16  stm32f1xx_hal_rcc.o(.constdata)
    .constdata                               0x08005406   Section       16  system_stm32f1xx.o(.constdata)
    .constdata                               0x08005416   Section        8  system_stm32f1xx.o(.constdata)
    .constdata                               0x08005420   Section       80  lora.o(.constdata)
    .constdata                               0x08005470   Section       17  __printf_flags_wp.o(.constdata)
    maptable                                 0x08005470   Data          17  __printf_flags_wp.o(.constdata)
    .conststring                             0x08005484   Section       24  main.o(.conststring)
    .data                                    0x20000000   Section       36  main.o(.data)
    .data                                    0x20000024   Section       12  stm32f1xx_hal.o(.data)
    .data                                    0x20000030   Section        4  system_stm32f1xx.o(.data)
    .data                                    0x20000034   Section       60  tasks.o(.data)
    pxDelayedTaskList                        0x20000038   Data           4  tasks.o(.data)
    pxOverflowDelayedTaskList                0x2000003c   Data           4  tasks.o(.data)
    uxDeletedTasksWaitingCleanUp             0x20000040   Data           4  tasks.o(.data)
    uxCurrentNumberOfTasks                   0x20000044   Data           4  tasks.o(.data)
    xTickCount                               0x20000048   Data           4  tasks.o(.data)
    uxTopReadyPriority                       0x2000004c   Data           4  tasks.o(.data)
    xSchedulerRunning                        0x20000050   Data           4  tasks.o(.data)
    uxPendedTicks                            0x20000054   Data           4  tasks.o(.data)
    xYieldPending                            0x20000058   Data           4  tasks.o(.data)
    xNumOfOverflows                          0x2000005c   Data           4  tasks.o(.data)
    uxTaskNumber                             0x20000060   Data           4  tasks.o(.data)
    xNextTaskUnblockTime                     0x20000064   Data           4  tasks.o(.data)
    xIdleTaskHandle                          0x20000068   Data           4  tasks.o(.data)
    uxSchedulerSuspended                     0x2000006c   Data           4  tasks.o(.data)
    .data                                    0x20000070   Section       24  heap_4.o(.data)
    pxEnd                                    0x20000070   Data           4  heap_4.o(.data)
    xFreeBytesRemaining                      0x20000074   Data           4  heap_4.o(.data)
    xMinimumEverFreeBytesRemaining           0x20000078   Data           4  heap_4.o(.data)
    xBlockAllocatedBit                       0x2000007c   Data           4  heap_4.o(.data)
    xStart                                   0x20000080   Data           8  heap_4.o(.data)
    .data                                    0x20000088   Section       12  port.o(.data)
    ucMaxSysCallPriority                     0x20000088   Data           1  port.o(.data)
    uxCriticalNesting                        0x2000008c   Data           4  port.o(.data)
    ulMaxPRIGROUPValue                       0x20000090   Data           4  port.o(.data)
    .bss                                     0x20000094   Section     1676  main.o(.bss)
    .bss                                     0x20000720   Section      596  freertos.o(.bss)
    xIdleTaskTCBBuffer                       0x20000720   Data          84  freertos.o(.bss)
    xIdleStack                               0x20000774   Data         512  freertos.o(.bss)
    .bss                                     0x20000974   Section       72  stm32f1xx_hal_timebase_tim.o(.bss)
    .bss                                     0x200009bc   Section      240  tasks.o(.bss)
    pxReadyTasksLists                        0x200009bc   Data         140  tasks.o(.bss)
    xDelayedTaskList1                        0x20000a48   Data          20  tasks.o(.bss)
    xDelayedTaskList2                        0x20000a5c   Data          20  tasks.o(.bss)
    xPendingReadyList                        0x20000a70   Data          20  tasks.o(.bss)
    xTasksWaitingTermination                 0x20000a84   Data          20  tasks.o(.bss)
    xSuspendedTaskList                       0x20000a98   Data          20  tasks.o(.bss)
    .bss                                     0x20000aac   Section     3072  heap_4.o(.bss)
    ucHeap                                   0x20000aac   Data        3072  heap_4.o(.bss)
    .bss                                     0x200016ac   Section       96  libspace.o(.bss)
    HEAP                                     0x20001710   Section      512  startup_stm32f103xb.o(HEAP)
    Heap_Mem                                 0x20001710   Data         512  startup_stm32f103xb.o(HEAP)
    STACK                                    0x20001910   Section     1024  startup_stm32f103xb.o(STACK)
    Stack_Mem                                0x20001910   Data        1024  startup_stm32f103xb.o(STACK)
    __initial_sp                             0x20001d10   Data           0  startup_stm32f103xb.o(STACK)

    Global Symbols

    Symbol Name                              Value     Ov Type        Size  Object(Section)

    BuildAttributes$$THM_ISAv4$P$D$K$B$S$PE$A:L22UL41UL21$X:L11$S22US41US21$IEEE1$IW$USESV6$~STKCKD$USESV7$~SHL$OTIME$ROPI$IEEEX$EBA8$UX$STANDARDLIB$REQ8$PRES8$EABIv2 0x00000000   Number         0  anon$$obj.o ABSOLUTE
    __ARM_use_no_argv                        0x00000000   Number         0  main.o ABSOLUTE
    _printf_flags                            0x00000000   Number         0  printf_stubs.o ABSOLUTE
    _printf_return_value                     0x00000000   Number         0  printf_stubs.o ABSOLUTE
    _printf_sizespec                         0x00000000   Number         0  printf_stubs.o ABSOLUTE
    _printf_widthprec                        0x00000000   Number         0  printf_stubs.o ABSOLUTE
    __ARM_exceptions_init                     - Undefined Weak Reference
    __alloca_initialize                       - Undefined Weak Reference
    __arm_preinit_                            - Undefined Weak Reference
    __cpp_initialize__aeabi_                  - Undefined Weak Reference
    __cxa_finalize                            - Undefined Weak Reference
    __sigvec_lookup                           - Undefined Weak Reference
    __user_heap_extent                        - Undefined Weak Reference
    _atexit_init                              - Undefined Weak Reference
    _call_atexit_fns                          - Undefined Weak Reference
    _clock_init                               - Undefined Weak Reference
    _fp_trap_init                             - Undefined Weak Reference
    _fp_trap_shutdown                         - Undefined Weak Reference
    _get_lc_collate                           - Undefined Weak Reference
    _get_lc_monetary                          - Undefined Weak Reference
    _get_lc_time                              - Undefined Weak Reference
    _getenv_init                              - Undefined Weak Reference
    _handle_redirection                       - Undefined Weak Reference
    _initio                                   - Undefined Weak Reference
    _mutex_acquire                            - Undefined Weak Reference
    _mutex_free                               - Undefined Weak Reference
    _mutex_release                            - Undefined Weak Reference
    _printf_mbtowc                            - Undefined Weak Reference
    _printf_truncate_signed                   - Undefined Weak Reference
    _printf_truncate_unsigned                 - Undefined Weak Reference
    _rand_init                                - Undefined Weak Reference
    _scanf_int                                - Undefined Weak Reference
    _scanf_longlong                           - Undefined Weak Reference
    _scanf_mbtowc                             - Undefined Weak Reference
    _scanf_string                             - Undefined Weak Reference
    _scanf_wctomb                             - Undefined Weak Reference
    _scanf_wstring                            - Undefined Weak Reference
    _signal_finish                            - Undefined Weak Reference
    _signal_init                              - Undefined Weak Reference
    _terminateio                              - Undefined Weak Reference
    __Vectors_Size                           0x000000ec   Number         0  startup_stm32f103xb.o ABSOLUTE
    __Vectors                                0x08000000   Data           4  startup_stm32f103xb.o(RESET)
    __Vectors_End                            0x080000ec   Data           0  startup_stm32f103xb.o(RESET)
    __main                                   0x080000ed   Thumb Code     8  __main.o(!!!main)
    __scatterload                            0x080000f5   Thumb Code     0  __scatter.o(!!!scatter)
    __scatterload_rt2                        0x080000f5   Thumb Code    44  __scatter.o(!!!scatter)
    __scatterload_rt2_thumb_only             0x080000f5   Thumb Code     0  __scatter.o(!!!scatter)
    __scatterload_null                       0x08000103   Thumb Code     0  __scatter.o(!!!scatter)
    __scatterload_copy                       0x08000129   Thumb Code    26  __scatter_copy.o(!!handler_copy)
    __scatterload_zeroinit                   0x08000145   Thumb Code    28  __scatter_zi.o(!!handler_zi)
    _printf_d                                0x08000161   Thumb Code     0  _printf_d.o(.ARM.Collect$$_printf_percent$$00000009)
    _printf_percent                          0x08000161   Thumb Code     0  _printf_percent.o(.ARM.Collect$$_printf_percent$$00000000)
    _printf_s                                0x08000167   Thumb Code     0  _printf_s.o(.ARM.Collect$$_printf_percent$$00000014)
    _printf_percent_end                      0x0800016d   Thumb Code     0  _printf_percent_end.o(.ARM.Collect$$_printf_percent$$00000017)
    __rt_lib_init                            0x08000171   Thumb Code     0  libinit.o(.ARM.Collect$$libinit$$00000000)
    __rt_lib_init_alloca_1                   0x08000173   Thumb Code     0  libinit2.o(.ARM.Collect$$libinit$$0000002E)
    __rt_lib_init_argv_1                     0x08000173   Thumb Code     0  libinit2.o(.ARM.Collect$$libinit$$0000002C)
    __rt_lib_init_atexit_1                   0x08000173   Thumb Code     0  libinit2.o(.ARM.Collect$$libinit$$0000001B)
    __rt_lib_init_clock_1                    0x08000173   Thumb Code     0  libinit2.o(.ARM.Collect$$libinit$$00000021)
    __rt_lib_init_cpp_1                      0x08000173   Thumb Code     0  libinit2.o(.ARM.Collect$$libinit$$00000032)
    __rt_lib_init_exceptions_1               0x08000173   Thumb Code     0  libinit2.o(.ARM.Collect$$libinit$$00000030)
    __rt_lib_init_fp_1                       0x08000173   Thumb Code     0  libinit2.o(.ARM.Collect$$libinit$$00000002)
    __rt_lib_init_fp_trap_1                  0x08000173   Thumb Code     0  libinit2.o(.ARM.Collect$$libinit$$0000001F)
    __rt_lib_init_getenv_1                   0x08000173   Thumb Code     0  libinit2.o(.ARM.Collect$$libinit$$00000023)
    __rt_lib_init_heap_1                     0x08000173   Thumb Code     0  libinit2.o(.ARM.Collect$$libinit$$0000000A)
    __rt_lib_init_lc_collate_1               0x08000173   Thumb Code     0  libinit2.o(.ARM.Collect$$libinit$$00000011)
    __rt_lib_init_lc_ctype_1                 0x08000173   Thumb Code     0  libinit2.o(.ARM.Collect$$libinit$$00000013)
    __rt_lib_init_lc_monetary_1              0x08000173   Thumb Code     0  libinit2.o(.ARM.Collect$$libinit$$00000015)
    __rt_lib_init_lc_numeric_1               0x08000173   Thumb Code     0  libinit2.o(.ARM.Collect$$libinit$$00000017)
    __rt_lib_init_lc_time_1                  0x08000173   Thumb Code     0  libinit2.o(.ARM.Collect$$libinit$$00000019)
    __rt_lib_init_preinit_1                  0x08000173   Thumb Code     0  libinit2.o(.ARM.Collect$$libinit$$00000004)
    __rt_lib_init_rand_1                     0x08000173   Thumb Code     0  libinit2.o(.ARM.Collect$$libinit$$0000000E)
    __rt_lib_init_return                     0x08000173   Thumb Code     0  libinit2.o(.ARM.Collect$$libinit$$00000033)
    __rt_lib_init_signal_1                   0x08000173   Thumb Code     0  libinit2.o(.ARM.Collect$$libinit$$0000001D)
    __rt_lib_init_stdio_1                    0x08000173   Thumb Code     0  libinit2.o(.ARM.Collect$$libinit$$00000025)
    __rt_lib_init_user_alloc_1               0x08000173   Thumb Code     0  libinit2.o(.ARM.Collect$$libinit$$0000000C)
    __rt_lib_shutdown                        0x08000175   Thumb Code     0  libshutdown.o(.ARM.Collect$$libshutdown$$00000000)
    __rt_lib_shutdown_cpp_1                  0x08000177   Thumb Code     0  libshutdown2.o(.ARM.Collect$$libshutdown$$00000002)
    __rt_lib_shutdown_fp_trap_1              0x08000177   Thumb Code     0  libshutdown2.o(.ARM.Collect$$libshutdown$$00000007)
    __rt_lib_shutdown_heap_1                 0x08000177   Thumb Code     0  libshutdown2.o(.ARM.Collect$$libshutdown$$0000000F)
    __rt_lib_shutdown_return                 0x08000177   Thumb Code     0  libshutdown2.o(.ARM.Collect$$libshutdown$$00000010)
    __rt_lib_shutdown_signal_1               0x08000177   Thumb Code     0  libshutdown2.o(.ARM.Collect$$libshutdown$$0000000A)
    __rt_lib_shutdown_stdio_1                0x08000177   Thumb Code     0  libshutdown2.o(.ARM.Collect$$libshutdown$$00000004)
    __rt_lib_shutdown_user_alloc_1           0x08000177   Thumb Code     0  libshutdown2.o(.ARM.Collect$$libshutdown$$0000000C)
    __rt_entry                               0x08000179   Thumb Code     0  __rtentry.o(.ARM.Collect$$rtentry$$00000000)
    __rt_entry_presh_1                       0x08000179   Thumb Code     0  __rtentry2.o(.ARM.Collect$$rtentry$$00000002)
    __rt_entry_sh                            0x08000179   Thumb Code     0  __rtentry4.o(.ARM.Collect$$rtentry$$00000004)
    __rt_entry_li                            0x0800017f   Thumb Code     0  __rtentry2.o(.ARM.Collect$$rtentry$$0000000A)
    __rt_entry_postsh_1                      0x0800017f   Thumb Code     0  __rtentry2.o(.ARM.Collect$$rtentry$$00000009)
    __rt_entry_main                          0x08000183   Thumb Code     0  __rtentry2.o(.ARM.Collect$$rtentry$$0000000D)
    __rt_entry_postli_1                      0x08000183   Thumb Code     0  __rtentry2.o(.ARM.Collect$$rtentry$$0000000C)
    __rt_exit                                0x0800018b   Thumb Code     0  rtexit.o(.ARM.Collect$$rtexit$$00000000)
    __rt_exit_ls                             0x0800018d   Thumb Code     0  rtexit2.o(.ARM.Collect$$rtexit$$00000003)
    __rt_exit_prels_1                        0x0800018d   Thumb Code     0  rtexit2.o(.ARM.Collect$$rtexit$$00000002)
    __rt_exit_exit                           0x08000191   Thumb Code     0  rtexit2.o(.ARM.Collect$$rtexit$$00000004)
    SVC_Handler                              0x08000199   Thumb Code    32  port.o(.emb_text)
    __asm___6_port_c_39a90d8d__prvStartFirstTask 0x080001bd   Thumb Code    28  port.o(.emb_text)
    PendSV_Handler                           0x080001dd   Thumb Code    72  port.o(.emb_text)
    vPortGetIPSR                             0x08000229   Thumb Code     6  port.o(.emb_text)
    Reset_Handler                            0x08000231   Thumb Code     8  startup_stm32f103xb.o(.text)
    ADC1_2_IRQHandler                        0x0800024b   Thumb Code     0  startup_stm32f103xb.o(.text)
    CAN1_RX1_IRQHandler                      0x0800024b   Thumb Code     0  startup_stm32f103xb.o(.text)
    CAN1_SCE_IRQHandler                      0x0800024b   Thumb Code     0  startup_stm32f103xb.o(.text)
    DMA1_Channel1_IRQHandler                 0x0800024b   Thumb Code     0  startup_stm32f103xb.o(.text)
    DMA1_Channel2_IRQHandler                 0x0800024b   Thumb Code     0  startup_stm32f103xb.o(.text)
    DMA1_Channel3_IRQHandler                 0x0800024b   Thumb Code     0  startup_stm32f103xb.o(.text)
    DMA1_Channel4_IRQHandler                 0x0800024b   Thumb Code     0  startup_stm32f103xb.o(.text)
    DMA1_Channel5_IRQHandler                 0x0800024b   Thumb Code     0  startup_stm32f103xb.o(.text)
    DMA1_Channel6_IRQHandler                 0x0800024b   Thumb Code     0  startup_stm32f103xb.o(.text)
    DMA1_Channel7_IRQHandler                 0x0800024b   Thumb Code     0  startup_stm32f103xb.o(.text)
    EXTI0_IRQHandler                         0x0800024b   Thumb Code     0  startup_stm32f103xb.o(.text)
    EXTI15_10_IRQHandler                     0x0800024b   Thumb Code     0  startup_stm32f103xb.o(.text)
    EXTI1_IRQHandler                         0x0800024b   Thumb Code     0  startup_stm32f103xb.o(.text)
    EXTI2_IRQHandler                         0x0800024b   Thumb Code     0  startup_stm32f103xb.o(.text)
    EXTI3_IRQHandler                         0x0800024b   Thumb Code     0  startup_stm32f103xb.o(.text)
    EXTI4_IRQHandler                         0x0800024b   Thumb Code     0  startup_stm32f103xb.o(.text)
    FLASH_IRQHandler                         0x0800024b   Thumb Code     0  startup_stm32f103xb.o(.text)
    I2C1_ER_IRQHandler                       0x0800024b   Thumb Code     0  startup_stm32f103xb.o(.text)
    I2C1_EV_IRQHandler                       0x0800024b   Thumb Code     0  startup_stm32f103xb.o(.text)
    I2C2_ER_IRQHandler                       0x0800024b   Thumb Code     0  startup_stm32f103xb.o(.text)
    I2C2_EV_IRQHandler                       0x0800024b   Thumb Code     0  startup_stm32f103xb.o(.text)
    PVD_IRQHandler                           0x0800024b   Thumb Code     0  startup_stm32f103xb.o(.text)
    RCC_IRQHandler                           0x0800024b   Thumb Code     0  startup_stm32f103xb.o(.text)
    RTC_Alarm_IRQHandler                     0x0800024b   Thumb Code     0  startup_stm32f103xb.o(.text)
    RTC_IRQHandler                           0x0800024b   Thumb Code     0  startup_stm32f103xb.o(.text)
    SPI1_IRQHandler                          0x0800024b   Thumb Code     0  startup_stm32f103xb.o(.text)
    SPI2_IRQHandler                          0x0800024b   Thumb Code     0  startup_stm32f103xb.o(.text)
    TAMPER_IRQHandler                        0x0800024b   Thumb Code     0  startup_stm32f103xb.o(.text)
    TIM1_BRK_IRQHandler                      0x0800024b   Thumb Code     0  startup_stm32f103xb.o(.text)
    TIM1_CC_IRQHandler                       0x0800024b   Thumb Code     0  startup_stm32f103xb.o(.text)
    TIM1_TRG_COM_IRQHandler                  0x0800024b   Thumb Code     0  startup_stm32f103xb.o(.text)
    TIM1_UP_IRQHandler                       0x0800024b   Thumb Code     0  startup_stm32f103xb.o(.text)
    TIM2_IRQHandler                          0x0800024b   Thumb Code     0  startup_stm32f103xb.o(.text)
    TIM3_IRQHandler                          0x0800024b   Thumb Code     0  startup_stm32f103xb.o(.text)
    USART1_IRQHandler                        0x0800024b   Thumb Code     0  startup_stm32f103xb.o(.text)
    USART2_IRQHandler                        0x0800024b   Thumb Code     0  startup_stm32f103xb.o(.text)
    USART3_IRQHandler                        0x0800024b   Thumb Code     0  startup_stm32f103xb.o(.text)
    USBWakeUp_IRQHandler                     0x0800024b   Thumb Code     0  startup_stm32f103xb.o(.text)
    USB_HP_CAN1_TX_IRQHandler                0x0800024b   Thumb Code     0  startup_stm32f103xb.o(.text)
    USB_LP_CAN1_RX0_IRQHandler               0x0800024b   Thumb Code     0  startup_stm32f103xb.o(.text)
    WWDG_IRQHandler                          0x0800024b   Thumb Code     0  startup_stm32f103xb.o(.text)
    __user_initial_stackheap                 0x0800024d   Thumb Code     0  startup_stm32f103xb.o(.text)
    __2sprintf                               0x08000271   Thumb Code    38  __2sprintf.o(.text)
    _printf_str                              0x0800029d   Thumb Code    82  _printf_str.o(.text)
    _printf_int_dec                          0x080002f1   Thumb Code   104  _printf_dec.o(.text)
    __printf                                 0x08000369   Thumb Code   308  __printf_flags_wp.o(.text)
    strlen                                   0x080004a1   Thumb Code    62  strlen.o(.text)
    strcat                                   0x080004df   Thumb Code    24  strcat.o(.text)
    __aeabi_memcpy                           0x080004f7   Thumb Code     0  rt_memcpy_v6.o(.text)
    __rt_memcpy                              0x080004f7   Thumb Code   138  rt_memcpy_v6.o(.text)
    _memcpy_lastbytes                        0x0800055d   Thumb Code     0  rt_memcpy_v6.o(.text)
    __aeabi_memcpy4                          0x08000581   Thumb Code     0  rt_memcpy_w.o(.text)
    __aeabi_memcpy8                          0x08000581   Thumb Code     0  rt_memcpy_w.o(.text)
    __rt_memcpy_w                            0x08000581   Thumb Code   100  rt_memcpy_w.o(.text)
    _memcpy_lastbytes_aligned                0x080005c9   Thumb Code     0  rt_memcpy_w.o(.text)
    __aeabi_memclr4                          0x080005e5   Thumb Code     0  rt_memclr_w.o(.text)
    __aeabi_memclr8                          0x080005e5   Thumb Code     0  rt_memclr_w.o(.text)
    __rt_memclr_w                            0x080005e5   Thumb Code    78  rt_memclr_w.o(.text)
    _memset_w                                0x080005e9   Thumb Code     0  rt_memclr_w.o(.text)
    strcmp                                   0x08000635   Thumb Code   128  strcmpv7m.o(.text)
    __use_two_region_memory                  0x080006b5   Thumb Code     2  heapauxi.o(.text)
    __rt_heap_escrow                         0x080006b7   Thumb Code     2  heapauxi.o(.text)
    __rt_heap_expand                         0x080006b9   Thumb Code     2  heapauxi.o(.text)
    _printf_int_common                       0x080006bb   Thumb Code   178  _printf_intcommon.o(.text)
    _printf_char_common                      0x08000777   Thumb Code    32  _printf_char_common.o(.text)
    _sputc                                   0x0800079d   Thumb Code    10  _sputc.o(.text)
    _printf_cs_common                        0x080007a7   Thumb Code    20  _printf_char.o(.text)
    _printf_char                             0x080007bb   Thumb Code    16  _printf_char.o(.text)
    _printf_string                           0x080007cb   Thumb Code     8  _printf_char.o(.text)
    __user_libspace                          0x080007d5   Thumb Code     8  libspace.o(.text)
    __user_perproc_libspace                  0x080007d5   Thumb Code     0  libspace.o(.text)
    __user_perthread_libspace                0x080007d5   Thumb Code     0  libspace.o(.text)
    __I$use$semihosting                      0x080007dd   Thumb Code     0  use_no_semi.o(.text)
    __use_no_semihosting_swi                 0x080007dd   Thumb Code     2  use_no_semi.o(.text)
    __semihosting_library_function           0x080007df   Thumb Code     0  indicate_semi.o(.text)
    __user_setup_stackheap                   0x080007df   Thumb Code    74  sys_stackheap_outer.o(.text)
    exit                                     0x08000829   Thumb Code    18  exit.o(.text)
    _sys_exit                                0x0800083d   Thumb Code     8  sys_exit.o(.text)
    ADC_ConversionStop_Disable               0x08000849   Thumb Code    86  stm32f1xx_hal_adc.o(i.ADC_ConversionStop_Disable)
    BusFault_Handler                         0x0800089f   Thumb Code     2  stm32f1xx_it.o(i.BusFault_Handler)
    DebugMon_Handler                         0x080008a1   Thumb Code     2  stm32f1xx_it.o(i.DebugMon_Handler)
    EXTI9_5_IRQHandler                       0x080008a3   Thumb Code     6  stm32f1xx_it.o(i.EXTI9_5_IRQHandler)
    HAL_ADC_ConfigChannel                    0x080008a9   Thumb Code   240  stm32f1xx_hal_adc.o(i.HAL_ADC_ConfigChannel)
    HAL_ADC_Init                             0x080009a5   Thumb Code   272  stm32f1xx_hal_adc.o(i.HAL_ADC_Init)
    HAL_ADC_MspInit                          0x08000ac1   Thumb Code   148  stm32f1xx_hal_msp.o(i.HAL_ADC_MspInit)
    HAL_Delay                                0x08000b69   Thumb Code    32  stm32f1xx_hal.o(i.HAL_Delay)
    HAL_GPIO_EXTI_Callback                   0x08000b8d   Thumb Code    50  main.o(i.HAL_GPIO_EXTI_Callback)
    HAL_GPIO_EXTI_IRQHandler                 0x08000bd1   Thumb Code    18  stm32f1xx_hal_gpio.o(i.HAL_GPIO_EXTI_IRQHandler)
    HAL_GPIO_Init                            0x08000be9   Thumb Code   446  stm32f1xx_hal_gpio.o(i.HAL_GPIO_Init)
    HAL_GPIO_WritePin                        0x08000dc9   Thumb Code    10  stm32f1xx_hal_gpio.o(i.HAL_GPIO_WritePin)
    HAL_GetTick                              0x08000dd5   Thumb Code     6  stm32f1xx_hal.o(i.HAL_GetTick)
    HAL_I2C_Init                             0x08000de1   Thumb Code   376  stm32f1xx_hal_i2c.o(i.HAL_I2C_Init)
    HAL_I2C_Master_Transmit                  0x08000f69   Thumb Code   290  stm32f1xx_hal_i2c.o(i.HAL_I2C_Master_Transmit)
    HAL_I2C_MspInit                          0x08001095   Thumb Code   134  stm32f1xx_hal_msp.o(i.HAL_I2C_MspInit)
    HAL_IncTick                              0x0800112d   Thumb Code    12  stm32f1xx_hal.o(i.HAL_IncTick)
    HAL_Init                                 0x0800113d   Thumb Code    32  stm32f1xx_hal.o(i.HAL_Init)
    HAL_InitTick                             0x08001161   Thumb Code   132  stm32f1xx_hal_timebase_tim.o(i.HAL_InitTick)
    HAL_MspInit                              0x080011f9   Thumb Code    62  stm32f1xx_hal_msp.o(i.HAL_MspInit)
    HAL_NVIC_EnableIRQ                       0x08001241   Thumb Code    26  stm32f1xx_hal_cortex.o(i.HAL_NVIC_EnableIRQ)
    HAL_NVIC_SetPriority                     0x0800125d   Thumb Code    60  stm32f1xx_hal_cortex.o(i.HAL_NVIC_SetPriority)
    HAL_NVIC_SetPriorityGrouping             0x0800129d   Thumb Code    26  stm32f1xx_hal_cortex.o(i.HAL_NVIC_SetPriorityGrouping)
    HAL_RCCEx_PeriphCLKConfig                0x080012c1   Thumb Code   224  stm32f1xx_hal_rcc_ex.o(i.HAL_RCCEx_PeriphCLKConfig)
    HAL_RCC_ClockConfig                      0x080013ad   Thumb Code   280  stm32f1xx_hal_rcc.o(i.HAL_RCC_ClockConfig)
    HAL_RCC_GetClockConfig                   0x080014d9   Thumb Code    54  stm32f1xx_hal_rcc.o(i.HAL_RCC_GetClockConfig)
    HAL_RCC_GetPCLK1Freq                     0x08001519   Thumb Code    20  stm32f1xx_hal_rcc.o(i.HAL_RCC_GetPCLK1Freq)
    HAL_RCC_GetPCLK2Freq                     0x08001539   Thumb Code    20  stm32f1xx_hal_rcc.o(i.HAL_RCC_GetPCLK2Freq)
    HAL_RCC_GetSysClockFreq                  0x08001559   Thumb Code    58  stm32f1xx_hal_rcc.o(i.HAL_RCC_GetSysClockFreq)
    HAL_RCC_OscConfig                        0x080015a5   Thumb Code   778  stm32f1xx_hal_rcc.o(i.HAL_RCC_OscConfig)
    HAL_SPI_GetState                         0x080018c5   Thumb Code     6  stm32f1xx_hal_spi.o(i.HAL_SPI_GetState)
    HAL_SPI_Init                             0x080018cb   Thumb Code   178  stm32f1xx_hal_spi.o(i.HAL_SPI_Init)
    HAL_SPI_MspInit                          0x0800197d   Thumb Code    98  stm32f1xx_hal_msp.o(i.HAL_SPI_MspInit)
    HAL_SPI_Receive                          0x080019ed   Thumb Code   342  stm32f1xx_hal_spi.o(i.HAL_SPI_Receive)
    HAL_SPI_Transmit                         0x08001b43   Thumb Code   366  stm32f1xx_hal_spi.o(i.HAL_SPI_Transmit)
    HAL_SPI_TransmitReceive                  0x08001cb1   Thumb Code   494  stm32f1xx_hal_spi.o(i.HAL_SPI_TransmitReceive)
    HAL_TIMEx_BreakCallback                  0x08001e9f   Thumb Code     2  stm32f1xx_hal_tim_ex.o(i.HAL_TIMEx_BreakCallback)
    HAL_TIMEx_CommutCallback                 0x08001ea1   Thumb Code     2  stm32f1xx_hal_tim_ex.o(i.HAL_TIMEx_CommutCallback)
    HAL_TIMEx_MasterConfigSynchronization    0x08001ea5   Thumb Code    92  stm32f1xx_hal_tim_ex.o(i.HAL_TIMEx_MasterConfigSynchronization)
    HAL_TIM_Base_Init                        0x08001f0d   Thumb Code    90  stm32f1xx_hal_tim.o(i.HAL_TIM_Base_Init)
    HAL_TIM_Base_MspInit                     0x08001f67   Thumb Code     2  stm32f1xx_hal_tim.o(i.HAL_TIM_Base_MspInit)
    HAL_TIM_Base_Start_IT                    0x08001f69   Thumb Code    76  stm32f1xx_hal_tim.o(i.HAL_TIM_Base_Start_IT)
    HAL_TIM_IC_CaptureCallback               0x08001fc1   Thumb Code     2  stm32f1xx_hal_tim.o(i.HAL_TIM_IC_CaptureCallback)
    HAL_TIM_IC_ConfigChannel                 0x08001fc3   Thumb Code   292  stm32f1xx_hal_tim.o(i.HAL_TIM_IC_ConfigChannel)
    HAL_TIM_IC_Init                          0x080020e7   Thumb Code    90  stm32f1xx_hal_tim.o(i.HAL_TIM_IC_Init)
    HAL_TIM_IC_MspInit                       0x08002141   Thumb Code    90  stm32f1xx_hal_msp.o(i.HAL_TIM_IC_MspInit)
    HAL_TIM_IRQHandler                       0x080021a9   Thumb Code   358  stm32f1xx_hal_tim.o(i.HAL_TIM_IRQHandler)
    HAL_TIM_OC_DelayElapsedCallback          0x0800230f   Thumb Code     2  stm32f1xx_hal_tim.o(i.HAL_TIM_OC_DelayElapsedCallback)
    HAL_TIM_PWM_PulseFinishedCallback        0x08002311   Thumb Code     2  stm32f1xx_hal_tim.o(i.HAL_TIM_PWM_PulseFinishedCallback)
    HAL_TIM_PeriodElapsedCallback            0x08002315   Thumb Code    14  main.o(i.HAL_TIM_PeriodElapsedCallback)
    HAL_TIM_TriggerCallback                  0x08002329   Thumb Code     2  stm32f1xx_hal_tim.o(i.HAL_TIM_TriggerCallback)
    HAL_UART_Init                            0x0800232b   Thumb Code   100  stm32f1xx_hal_uart.o(i.HAL_UART_Init)
    HAL_UART_MspInit                         0x08002391   Thumb Code   156  stm32f1xx_hal_msp.o(i.HAL_UART_MspInit)
    HAL_UART_Transmit                        0x0800243d   Thumb Code   154  stm32f1xx_hal_uart.o(i.HAL_UART_Transmit)
    HardFault_Handler                        0x080024d7   Thumb Code     2  stm32f1xx_it.o(i.HardFault_Handler)
    LoRa_BurstWrite                          0x0800279f   Thumb Code    86  lora.o(i.LoRa_BurstWrite)
    LoRa_gotoMode                            0x080027f5   Thumb Code   102  lora.o(i.LoRa_gotoMode)
    LoRa_init                                0x0800285b   Thumb Code   228  lora.o(i.LoRa_init)
    LoRa_read                                0x0800293f   Thumb Code    30  lora.o(i.LoRa_read)
    LoRa_readReg                             0x0800295d   Thumb Code    88  lora.o(i.LoRa_readReg)
    LoRa_receive                             0x080029b5   Thumb Code   124  lora.o(i.LoRa_receive)
    LoRa_reset                               0x08002a31   Thumb Code    40  lora.o(i.LoRa_reset)
    LoRa_setAutoLDO                          0x08002a59   Thumb Code    70  lora.o(i.LoRa_setAutoLDO)
    LoRa_setFrequency                        0x08002aa5   Thumb Code    64  lora.o(i.LoRa_setFrequency)
    LoRa_setLowDaraRateOptimization          0x08002ae5   Thumb Code    42  lora.o(i.LoRa_setLowDaraRateOptimization)
    LoRa_setOCP                              0x08002b0f   Thumb Code    62  lora.o(i.LoRa_setOCP)
    LoRa_setPower                            0x08002b4d   Thumb Code    20  lora.o(i.LoRa_setPower)
    LoRa_setSpreadingFactor                  0x08002b61   Thumb Code    64  lora.o(i.LoRa_setSpreadingFactor)
    LoRa_setTOMsb_setCRCon                   0x08002ba1   Thumb Code    32  lora.o(i.LoRa_setTOMsb_setCRCon)
    LoRa_startReceiving                      0x08002bc1   Thumb Code     6  lora.o(i.LoRa_startReceiving)
    LoRa_transmit                            0x08002bc7   Thumb Code   132  lora.o(i.LoRa_transmit)
    LoRa_write                               0x08002c4b   Thumb Code    30  lora.o(i.LoRa_write)
    LoRa_writeReg                            0x08002c69   Thumb Code    88  lora.o(i.LoRa_writeReg)
    MemManage_Handler                        0x08002edd   Thumb Code     2  stm32f1xx_it.o(i.MemManage_Handler)
    NMI_Handler                              0x08002edf   Thumb Code     2  stm32f1xx_it.o(i.NMI_Handler)
    SysTick_Handler                          0x08003015   Thumb Code    38  port.o(i.SysTick_Handler)
    SystemClock_Config                       0x08003041   Thumb Code   120  main.o(i.SystemClock_Config)
    SystemInit                               0x080030b9   Thumb Code     2  system_stm32f1xx.o(i.SystemInit)
    TIM4_IRQHandler                          0x080030bd   Thumb Code     6  stm32f1xx_it.o(i.TIM4_IRQHandler)
    TIM_Base_SetConfig                       0x080030c9   Thumb Code    94  stm32f1xx_hal_tim.o(i.TIM_Base_SetConfig)
    TIM_TI1_SetConfig                        0x08003135   Thumb Code    76  stm32f1xx_hal_tim.o(i.TIM_TI1_SetConfig)
    UsageFault_Handler                       0x080032f5   Thumb Code     2  stm32f1xx_it.o(i.UsageFault_Handler)
    _is_digit                                0x08003317   Thumb Code    14  __printf_wp.o(i._is_digit)
    formatJson                               0x08003325   Thumb Code   476  main.o(i.formatJson)
    lcd_goto_XY                              0x08003589   Thumb Code    22  i2c-lcd.o(i.lcd_goto_XY)
    lcd_init                                 0x0800359f   Thumb Code    90  i2c-lcd.o(i.lcd_init)
    lcd_send_cmd                             0x080035f9   Thumb Code    58  i2c-lcd.o(i.lcd_send_cmd)
    lcd_send_data                            0x08003639   Thumb Code    58  i2c-lcd.o(i.lcd_send_data)
    lcd_send_string                          0x08003679   Thumb Code    20  i2c-lcd.o(i.lcd_send_string)
    main                                     0x0800368d   Thumb Code   402  main.o(i.main)
    newLoRa                                  0x0800389d   Thumb Code    56  lora.o(i.newLoRa)
    osKernelStart                            0x080038d5   Thumb Code    10  cmsis_os.o(i.osKernelStart)
    osSemaphoreCreate                        0x080038df   Thumb Code    62  cmsis_os.o(i.osSemaphoreCreate)
    osSemaphoreRelease                       0x0800391d   Thumb Code    74  cmsis_os.o(i.osSemaphoreRelease)
    osSemaphoreWait                          0x0800396d   Thumb Code    96  cmsis_os.o(i.osSemaphoreWait)
    osThreadCreate                           0x080039d1   Thumb Code    84  cmsis_os.o(i.osThreadCreate)
    printUart                                0x08003a25   Thumb Code    38  main.o(i.printUart)
    pvPortMalloc                             0x08003ecd   Thumb Code   210  heap_4.o(i.pvPortMalloc)
    pvTaskIncrementMutexHeldCount            0x08003fa5   Thumb Code    18  tasks.o(i.pvTaskIncrementMutexHeldCount)
    pxPortInitialiseStack                    0x08003fbd   Thumb Code    32  port.o(i.pxPortInitialiseStack)
    recvMessageTask                          0x08003fe1   Thumb Code   114  main.o(i.recvMessageTask)
    sendMessageTask                          0x08004091   Thumb Code   200  main.o(i.sendMessageTask)
    uxListRemove                             0x080041d5   Thumb Code    38  list.o(i.uxListRemove)
    vApplicationGetIdleTaskMemory            0x080041fd   Thumb Code    16  freertos.o(i.vApplicationGetIdleTaskMemory)
    vListInitialise                          0x08004211   Thumb Code    22  list.o(i.vListInitialise)
    vListInitialiseItem                      0x08004227   Thumb Code     6  list.o(i.vListInitialiseItem)
    vListInsert                              0x0800422d   Thumb Code    48  list.o(i.vListInsert)
    vListInsertEnd                           0x0800425d   Thumb Code    24  list.o(i.vListInsertEnd)
    vPortEnterCritical                       0x08004275   Thumb Code    54  port.o(i.vPortEnterCritical)
    vPortExitCritical                        0x080042b5   Thumb Code    34  port.o(i.vPortExitCritical)
    vPortFree                                0x080042dd   Thumb Code    88  heap_4.o(i.vPortFree)
    vPortSetupTimerInterrupt                 0x08004339   Thumb Code    32  port.o(i.vPortSetupTimerInterrupt)
    vPortValidateInterruptPriority           0x0800435d   Thumb Code    74  port.o(i.vPortValidateInterruptPriority)
    vTaskInternalSetTimeOutState             0x080043b1   Thumb Code    12  tasks.o(i.vTaskInternalSetTimeOutState)
    vTaskMissedYield                         0x080043c1   Thumb Code     8  tasks.o(i.vTaskMissedYield)
    vTaskPlaceOnEventList                    0x080043cd   Thumb Code    44  tasks.o(i.vTaskPlaceOnEventList)
    vTaskPriorityDisinheritAfterTimeout      0x080043fd   Thumb Code   160  tasks.o(i.vTaskPriorityDisinheritAfterTimeout)
    vTaskStartScheduler                      0x080044a5   Thumb Code    90  tasks.o(i.vTaskStartScheduler)
    vTaskSuspendAll                          0x08004511   Thumb Code    10  tasks.o(i.vTaskSuspendAll)
    vTaskSwitchContext                       0x08004521   Thumb Code    82  tasks.o(i.vTaskSwitchContext)
    xPortStartScheduler                      0x0800457d   Thumb Code   154  port.o(i.xPortStartScheduler)
    xQueueGenericCreate                      0x08004625   Thumb Code    72  queue.o(i.xQueueGenericCreate)
    xQueueGenericCreateStatic                0x0800466d   Thumb Code   102  queue.o(i.xQueueGenericCreateStatic)
    xQueueGenericReset                       0x080046d5   Thumb Code   132  queue.o(i.xQueueGenericReset)
    xQueueGenericSend                        0x0800475d   Thumb Code   346  queue.o(i.xQueueGenericSend)
    xQueueGiveFromISR                        0x080048bd   Thumb Code   156  queue.o(i.xQueueGiveFromISR)
    xQueueReceiveFromISR                     0x08004959   Thumb Code   154  queue.o(i.xQueueReceiveFromISR)
    xQueueSemaphoreTake                      0x080049f5   Thumb Code   372  queue.o(i.xQueueSemaphoreTake)
    xTaskCheckForTimeOut                     0x08004b6d   Thumb Code   112  tasks.o(i.xTaskCheckForTimeOut)
    xTaskCreate                              0x08004be1   Thumb Code    90  tasks.o(i.xTaskCreate)
    xTaskCreateStatic                        0x08004c3b   Thumb Code    86  tasks.o(i.xTaskCreateStatic)
    xTaskGetSchedulerState                   0x08004c91   Thumb Code    22  tasks.o(i.xTaskGetSchedulerState)
    xTaskIncrementTick                       0x08004cad   Thumb Code   192  tasks.o(i.xTaskIncrementTick)
    xTaskPriorityDisinherit                  0x08004d75   Thumb Code   144  tasks.o(i.xTaskPriorityDisinherit)
    xTaskPriorityInherit                     0x08004e0d   Thumb Code   138  tasks.o(i.xTaskPriorityInherit)
    xTaskRemoveFromEventList                 0x08004ea1   Thumb Code   108  tasks.o(i.xTaskRemoveFromEventList)
    xTaskResumeAll                           0x08004f15   Thumb Code   182  tasks.o(i.xTaskResumeAll)
    __aeabi_ddiv                             0x08004fd9   Thumb Code     0  ddiv.o(x$fpl$ddiv)
    _ddiv                                    0x08004fd9   Thumb Code   552  ddiv.o(x$fpl$ddiv)
    __aeabi_d2iz                             0x08005289   Thumb Code     0  dfix.o(x$fpl$dfix)
    _dfix                                    0x08005289   Thumb Code    94  dfix.o(x$fpl$dfix)
    __aeabi_i2d                              0x080052e7   Thumb Code     0  dflt_clz.o(x$fpl$dflt)
    _dflt                                    0x080052e7   Thumb Code    46  dflt_clz.o(x$fpl$dflt)
    __fpl_dnaninf                            0x08005315   Thumb Code   156  dnaninf.o(x$fpl$dnaninf)
    __fpl_dretinf                            0x080053b1   Thumb Code    12  dretinf.o(x$fpl$dretinf)
    __I$use$fp                               0x080053bc   Number         0  usenofp.o(x$fpl$usenofp)
    AHBPrescTable                            0x08005406   Data          16  system_stm32f1xx.o(.constdata)
    APBPrescTable                            0x08005416   Data           8  system_stm32f1xx.o(.constdata)
    Region$$Table$$Base                      0x0800549c   Number         0  anon$$obj.o(Region$$Table)
    Region$$Table$$Limit                     0x080054bc   Number         0  anon$$obj.o(Region$$Table)
    i                                        0x20000000   Data           4  main.o(.data)
    lastTime                                 0x20000004   Data           4  main.o(.data)
    wait                                     0x20000008   Data           4  main.o(.data)
    sendMessageHandle                        0x2000000c   Data           4  main.o(.data)
    recvMessageHandle                        0x20000010   Data           4  main.o(.data)
    myBinarySemSendHandle                    0x20000014   Data           4  main.o(.data)
    myBinarySemRecvHandle                    0x20000018   Data           4  main.o(.data)
    rssi                                     0x2000001c   Data           4  main.o(.data)
    loo                                      0x20000020   Data           4  main.o(.data)
    uwTickFreq                               0x20000024   Data           1  stm32f1xx_hal.o(.data)
    uwTickPrio                               0x20000028   Data           4  stm32f1xx_hal.o(.data)
    uwTick                                   0x2000002c   Data           4  stm32f1xx_hal.o(.data)
    SystemCoreClock                          0x20000030   Data           4  system_stm32f1xx.o(.data)
    pxCurrentTCB                             0x20000034   Data           4  tasks.o(.data)
    managerID                                0x20000094   Data         616  main.o(.bss)
    hadc1                                    0x200002fc   Data          48  main.o(.bss)
    hadc2                                    0x2000032c   Data          48  main.o(.bss)
    hi2c1                                    0x2000035c   Data          84  main.o(.bss)
    hi2c2                                    0x200003b0   Data          84  main.o(.bss)
    hspi1                                    0x20000404   Data          88  main.o(.bss)
    htim2                                    0x2000045c   Data          72  main.o(.bss)
    huart1                                   0x200004a4   Data          72  main.o(.bss)
    huart2                                   0x200004ec   Data          72  main.o(.bss)
    myLoRa                                   0x20000534   Data          44  main.o(.bss)
    sendData                                 0x20000560   Data         128  main.o(.bss)
    msg                                      0x200005e0   Data          64  main.o(.bss)
    idRecv                                   0x20000620   Data          20  main.o(.bss)
    jsonPack                                 0x20000634   Data         100  main.o(.bss)
    sensorVals                               0x20000698   Data         136  main.o(.bss)
    htim4                                    0x20000974   Data          72  stm32f1xx_hal_timebase_tim.o(.bss)
    __libspace_start                         0x200016ac   Data          96  libspace.o(.bss)
    __temporary_stack_top$libspace           0x2000170c   Data           0  libspace.o(.bss)



==============================================================================

Memory Map of the image

  Image Entry point : 0x080000ed

  Load Region LR_IROM1 (Base: 0x08000000, Size: 0x00005550, Max: 0x00010000, ABSOLUTE)

    Execution Region ER_IROM1 (Exec base: 0x08000000, Load base: 0x08000000, Size: 0x000054bc, Max: 0x00010000, ABSOLUTE)

    Exec Addr    Load Addr    Size         Type   Attr      Idx    E Section Name        Object

    0x08000000   0x08000000   0x000000ec   Data   RO            3    RESET               startup_stm32f103xb.o
    0x080000ec   0x080000ec   0x00000008   Code   RO         6300  * !!!main             c_w.l(__main.o)
    0x080000f4   0x080000f4   0x00000034   Code   RO         6695    !!!scatter          c_w.l(__scatter.o)
    0x08000128   0x08000128   0x0000001a   Code   RO         6697    !!handler_copy      c_w.l(__scatter_copy.o)
    0x08000142   0x08000142   0x00000002   PAD
    0x08000144   0x08000144   0x0000001c   Code   RO         6699    !!handler_zi        c_w.l(__scatter_zi.o)
    0x08000160   0x08000160   0x00000000   Code   RO         6277    .ARM.Collect$$_printf_percent$$00000000  c_w.l(_printf_percent.o)
    0x08000160   0x08000160   0x00000006   Code   RO         6275    .ARM.Collect$$_printf_percent$$00000009  c_w.l(_printf_d.o)
    0x08000166   0x08000166   0x00000006   Code   RO         6272    .ARM.Collect$$_printf_percent$$00000014  c_w.l(_printf_s.o)
    0x0800016c   0x0800016c   0x00000004   Code   RO         6380    .ARM.Collect$$_printf_percent$$00000017  c_w.l(_printf_percent_end.o)
    0x08000170   0x08000170   0x00000002   Code   RO         6591    .ARM.Collect$$libinit$$00000000  c_w.l(libinit.o)
    0x08000172   0x08000172   0x00000000   Code   RO         6394    .ARM.Collect$$libinit$$00000002  c_w.l(libinit2.o)
    0x08000172   0x08000172   0x00000000   Code   RO         6396    .ARM.Collect$$libinit$$00000004  c_w.l(libinit2.o)
    0x08000172   0x08000172   0x00000000   Code   RO         6399    .ARM.Collect$$libinit$$0000000A  c_w.l(libinit2.o)
    0x08000172   0x08000172   0x00000000   Code   RO         6401    .ARM.Collect$$libinit$$0000000C  c_w.l(libinit2.o)
    0x08000172   0x08000172   0x00000000   Code   RO         6403    .ARM.Collect$$libinit$$0000000E  c_w.l(libinit2.o)
    0x08000172   0x08000172   0x00000000   Code   RO         6406    .ARM.Collect$$libinit$$00000011  c_w.l(libinit2.o)
    0x08000172   0x08000172   0x00000000   Code   RO         6408    .ARM.Collect$$libinit$$00000013  c_w.l(libinit2.o)
    0x08000172   0x08000172   0x00000000   Code   RO         6410    .ARM.Collect$$libinit$$00000015  c_w.l(libinit2.o)
    0x08000172   0x08000172   0x00000000   Code   RO         6412    .ARM.Collect$$libinit$$00000017  c_w.l(libinit2.o)
    0x08000172   0x08000172   0x00000000   Code   RO         6414    .ARM.Collect$$libinit$$00000019  c_w.l(libinit2.o)
    0x08000172   0x08000172   0x00000000   Code   RO         6416    .ARM.Collect$$libinit$$0000001B  c_w.l(libinit2.o)
    0x08000172   0x08000172   0x00000000   Code   RO         6418    .ARM.Collect$$libinit$$0000001D  c_w.l(libinit2.o)
    0x08000172   0x08000172   0x00000000   Code   RO         6420    .ARM.Collect$$libinit$$0000001F  c_w.l(libinit2.o)
    0x08000172   0x08000172   0x00000000   Code   RO         6422    .ARM.Collect$$libinit$$00000021  c_w.l(libinit2.o)
    0x08000172   0x08000172   0x00000000   Code   RO         6424    .ARM.Collect$$libinit$$00000023  c_w.l(libinit2.o)
    0x08000172   0x08000172   0x00000000   Code   RO         6426    .ARM.Collect$$libinit$$00000025  c_w.l(libinit2.o)
    0x08000172   0x08000172   0x00000000   Code   RO         6430    .ARM.Collect$$libinit$$0000002C  c_w.l(libinit2.o)
    0x08000172   0x08000172   0x00000000   Code   RO         6432    .ARM.Collect$$libinit$$0000002E  c_w.l(libinit2.o)
    0x08000172   0x08000172   0x00000000   Code   RO         6434    .ARM.Collect$$libinit$$00000030  c_w.l(libinit2.o)
    0x08000172   0x08000172   0x00000000   Code   RO         6436    .ARM.Collect$$libinit$$00000032  c_w.l(libinit2.o)
    0x08000172   0x08000172   0x00000002   Code   RO         6437    .ARM.Collect$$libinit$$00000033  c_w.l(libinit2.o)
    0x08000174   0x08000174   0x00000002   Code   RO         6690    .ARM.Collect$$libshutdown$$00000000  c_w.l(libshutdown.o)
    0x08000176   0x08000176   0x00000000   Code   RO         6617    .ARM.Collect$$libshutdown$$00000002  c_w.l(libshutdown2.o)
    0x08000176   0x08000176   0x00000000   Code   RO         6619    .ARM.Collect$$libshutdown$$00000004  c_w.l(libshutdown2.o)
    0x08000176   0x08000176   0x00000000   Code   RO         6622    .ARM.Collect$$libshutdown$$00000007  c_w.l(libshutdown2.o)
    0x08000176   0x08000176   0x00000000   Code   RO         6625    .ARM.Collect$$libshutdown$$0000000A  c_w.l(libshutdown2.o)
    0x08000176   0x08000176   0x00000000   Code   RO         6627    .ARM.Collect$$libshutdown$$0000000C  c_w.l(libshutdown2.o)
    0x08000176   0x08000176   0x00000000   Code   RO         6630    .ARM.Collect$$libshutdown$$0000000F  c_w.l(libshutdown2.o)
    0x08000176   0x08000176   0x00000002   Code   RO         6631    .ARM.Collect$$libshutdown$$00000010  c_w.l(libshutdown2.o)
    0x08000178   0x08000178   0x00000000   Code   RO         6342    .ARM.Collect$$rtentry$$00000000  c_w.l(__rtentry.o)
    0x08000178   0x08000178   0x00000000   Code   RO         6455    .ARM.Collect$$rtentry$$00000002  c_w.l(__rtentry2.o)
    0x08000178   0x08000178   0x00000006   Code   RO         6467    .ARM.Collect$$rtentry$$00000004  c_w.l(__rtentry4.o)
    0x0800017e   0x0800017e   0x00000000   Code   RO         6457    .ARM.Collect$$rtentry$$00000009  c_w.l(__rtentry2.o)
    0x0800017e   0x0800017e   0x00000004   Code   RO         6458    .ARM.Collect$$rtentry$$0000000A  c_w.l(__rtentry2.o)
    0x08000182   0x08000182   0x00000000   Code   RO         6460    .ARM.Collect$$rtentry$$0000000C  c_w.l(__rtentry2.o)
    0x08000182   0x08000182   0x00000008   Code   RO         6461    .ARM.Collect$$rtentry$$0000000D  c_w.l(__rtentry2.o)
    0x0800018a   0x0800018a   0x00000002   Code   RO         6602    .ARM.Collect$$rtexit$$00000000  c_w.l(rtexit.o)
    0x0800018c   0x0800018c   0x00000000   Code   RO         6649    .ARM.Collect$$rtexit$$00000002  c_w.l(rtexit2.o)
    0x0800018c   0x0800018c   0x00000004   Code   RO         6650    .ARM.Collect$$rtexit$$00000003  c_w.l(rtexit2.o)
    0x08000190   0x08000190   0x00000006   Code   RO         6651    .ARM.Collect$$rtexit$$00000004  c_w.l(rtexit2.o)
    0x08000196   0x08000196   0x00000002   PAD
    0x08000198   0x08000198   0x00000096   Code   RO         6068    .emb_text           port.o
    0x0800022e   0x0800022e   0x00000002   PAD
    0x08000230   0x08000230   0x00000040   Code   RO            4    .text               startup_stm32f103xb.o
    0x08000270   0x08000270   0x0000002c   Code   RO         6219    .text               c_w.l(__2sprintf.o)
    0x0800029c   0x0800029c   0x00000052   Code   RO         6227    .text               c_w.l(_printf_str.o)
    0x080002ee   0x080002ee   0x00000002   PAD
    0x080002f0   0x080002f0   0x00000078   Code   RO         6229    .text               c_w.l(_printf_dec.o)
    0x08000368   0x08000368   0x00000138   Code   RO         6264    .text               c_w.l(__printf_flags_wp.o)
    0x080004a0   0x080004a0   0x0000003e   Code   RO         6282    .text               c_w.l(strlen.o)
    0x080004de   0x080004de   0x00000018   Code   RO         6286    .text               c_w.l(strcat.o)
    0x080004f6   0x080004f6   0x0000008a   Code   RO         6288    .text               c_w.l(rt_memcpy_v6.o)
    0x08000580   0x08000580   0x00000064   Code   RO         6290    .text               c_w.l(rt_memcpy_w.o)
    0x080005e4   0x080005e4   0x0000004e   Code   RO         6294    .text               c_w.l(rt_memclr_w.o)
    0x08000632   0x08000632   0x00000002   PAD
    0x08000634   0x08000634   0x00000080   Code   RO         6296    .text               c_w.l(strcmpv7m.o)
    0x080006b4   0x080006b4   0x00000006   Code   RO         6298    .text               c_w.l(heapauxi.o)
    0x080006ba   0x080006ba   0x000000b2   Code   RO         6370    .text               c_w.l(_printf_intcommon.o)
    0x0800076c   0x0800076c   0x00000030   Code   RO         6374    .text               c_w.l(_printf_char_common.o)
    0x0800079c   0x0800079c   0x0000000a   Code   RO         6376    .text               c_w.l(_sputc.o)
    0x080007a6   0x080007a6   0x0000002c   Code   RO         6378    .text               c_w.l(_printf_char.o)
    0x080007d2   0x080007d2   0x00000002   PAD
    0x080007d4   0x080007d4   0x00000008   Code   RO         6451    .text               c_w.l(libspace.o)
    0x080007dc   0x080007dc   0x00000002   Code   RO         6561    .text               c_w.l(use_no_semi.o)
    0x080007de   0x080007de   0x00000000   Code   RO         6563    .text               c_w.l(indicate_semi.o)
    0x080007de   0x080007de   0x0000004a   Code   RO         6564    .text               c_w.l(sys_stackheap_outer.o)
    0x08000828   0x08000828   0x00000012   Code   RO         6576    .text               c_w.l(exit.o)
    0x0800083a   0x0800083a   0x00000002   PAD
    0x0800083c   0x0800083c   0x0000000c   Code   RO         6600    .text               c_w.l(sys_exit.o)
    0x08000848   0x08000848   0x00000056   Code   RO          558    i.ADC_ConversionStop_Disable  stm32f1xx_hal_adc.o
    0x0800089e   0x0800089e   0x00000002   Code   RO          329    i.BusFault_Handler  stm32f1xx_it.o
    0x080008a0   0x080008a0   0x00000002   Code   RO          330    i.DebugMon_Handler  stm32f1xx_it.o
    0x080008a2   0x080008a2   0x00000006   Code   RO          331    i.EXTI9_5_IRQHandler  stm32f1xx_it.o
    0x080008a8   0x080008a8   0x000000fc   Code   RO          564    i.HAL_ADC_ConfigChannel  stm32f1xx_hal_adc.o
    0x080009a4   0x080009a4   0x0000011c   Code   RO          573    i.HAL_ADC_Init      stm32f1xx_hal_adc.o
    0x08000ac0   0x08000ac0   0x000000a8   Code   RO          400    i.HAL_ADC_MspInit   stm32f1xx_hal_msp.o
    0x08000b68   0x08000b68   0x00000024   Code   RO          841    i.HAL_Delay         stm32f1xx_hal.o
    0x08000b8c   0x08000b8c   0x00000044   Code   RO           14    i.HAL_GPIO_EXTI_Callback  main.o
    0x08000bd0   0x08000bd0   0x00000018   Code   RO         1150    i.HAL_GPIO_EXTI_IRQHandler  stm32f1xx_hal_gpio.o
    0x08000be8   0x08000be8   0x000001e0   Code   RO         1151    i.HAL_GPIO_Init     stm32f1xx_hal_gpio.o
    0x08000dc8   0x08000dc8   0x0000000a   Code   RO         1155    i.HAL_GPIO_WritePin  stm32f1xx_hal_gpio.o
    0x08000dd2   0x08000dd2   0x00000002   PAD
    0x08000dd4   0x08000dd4   0x0000000c   Code   RO          845    i.HAL_GetTick       stm32f1xx_hal.o
    0x08000de0   0x08000de0   0x00000188   Code   RO         1822    i.HAL_I2C_Init      stm32f1xx_hal_i2c.o
    0x08000f68   0x08000f68   0x0000012c   Code   RO         1835    i.HAL_I2C_Master_Transmit  stm32f1xx_hal_i2c.o
    0x08001094   0x08001094   0x00000098   Code   RO          402    i.HAL_I2C_MspInit   stm32f1xx_hal_msp.o
    0x0800112c   0x0800112c   0x00000010   Code   RO          851    i.HAL_IncTick       stm32f1xx_hal.o
    0x0800113c   0x0800113c   0x00000024   Code   RO          852    i.HAL_Init          stm32f1xx_hal.o
    0x08001160   0x08001160   0x00000098   Code   RO          483    i.HAL_InitTick      stm32f1xx_hal_timebase_tim.o
    0x080011f8   0x080011f8   0x00000048   Code   RO          403    i.HAL_MspInit       stm32f1xx_hal_msp.o
    0x08001240   0x08001240   0x0000001a   Code   RO         1311    i.HAL_NVIC_EnableIRQ  stm32f1xx_hal_cortex.o
    0x0800125a   0x0800125a   0x00000002   PAD
    0x0800125c   0x0800125c   0x00000040   Code   RO         1317    i.HAL_NVIC_SetPriority  stm32f1xx_hal_cortex.o
    0x0800129c   0x0800129c   0x00000024   Code   RO         1318    i.HAL_NVIC_SetPriorityGrouping  stm32f1xx_hal_cortex.o
    0x080012c0   0x080012c0   0x000000ec   Code   RO         1113    i.HAL_RCCEx_PeriphCLKConfig  stm32f1xx_hal_rcc_ex.o
    0x080013ac   0x080013ac   0x0000012c   Code   RO         1009    i.HAL_RCC_ClockConfig  stm32f1xx_hal_rcc.o
    0x080014d8   0x080014d8   0x00000040   Code   RO         1013    i.HAL_RCC_GetClockConfig  stm32f1xx_hal_rcc.o
    0x08001518   0x08001518   0x00000020   Code   RO         1016    i.HAL_RCC_GetPCLK1Freq  stm32f1xx_hal_rcc.o
    0x08001538   0x08001538   0x00000020   Code   RO         1017    i.HAL_RCC_GetPCLK2Freq  stm32f1xx_hal_rcc.o
    0x08001558   0x08001558   0x0000004c   Code   RO         1018    i.HAL_RCC_GetSysClockFreq  stm32f1xx_hal_rcc.o
    0x080015a4   0x080015a4   0x00000320   Code   RO         1021    i.HAL_RCC_OscConfig  stm32f1xx_hal_rcc.o
    0x080018c4   0x080018c4   0x00000006   Code   RO         2257    i.HAL_SPI_GetState  stm32f1xx_hal_spi.o
    0x080018ca   0x080018ca   0x000000b2   Code   RO         2259    i.HAL_SPI_Init      stm32f1xx_hal_spi.o
    0x0800197c   0x0800197c   0x00000070   Code   RO          405    i.HAL_SPI_MspInit   stm32f1xx_hal_msp.o
    0x080019ec   0x080019ec   0x00000156   Code   RO         2262    i.HAL_SPI_Receive   stm32f1xx_hal_spi.o
    0x08001b42   0x08001b42   0x0000016e   Code   RO         2267    i.HAL_SPI_Transmit  stm32f1xx_hal_spi.o
    0x08001cb0   0x08001cb0   0x000001ee   Code   RO         2268    i.HAL_SPI_TransmitReceive  stm32f1xx_hal_spi.o
    0x08001e9e   0x08001e9e   0x00000002   Code   RO         3276    i.HAL_TIMEx_BreakCallback  stm32f1xx_hal_tim_ex.o
    0x08001ea0   0x08001ea0   0x00000002   Code   RO         3277    i.HAL_TIMEx_CommutCallback  stm32f1xx_hal_tim_ex.o
    0x08001ea2   0x08001ea2   0x00000002   PAD
    0x08001ea4   0x08001ea4   0x00000068   Code   RO         3295    i.HAL_TIMEx_MasterConfigSynchronization  stm32f1xx_hal_tim_ex.o
    0x08001f0c   0x08001f0c   0x0000005a   Code   RO         2572    i.HAL_TIM_Base_Init  stm32f1xx_hal_tim.o
    0x08001f66   0x08001f66   0x00000002   Code   RO         2574    i.HAL_TIM_Base_MspInit  stm32f1xx_hal_tim.o
    0x08001f68   0x08001f68   0x00000058   Code   RO         2577    i.HAL_TIM_Base_Start_IT  stm32f1xx_hal_tim.o
    0x08001fc0   0x08001fc0   0x00000002   Code   RO         2606    i.HAL_TIM_IC_CaptureCallback  stm32f1xx_hal_tim.o
    0x08001fc2   0x08001fc2   0x00000124   Code   RO         2608    i.HAL_TIM_IC_ConfigChannel  stm32f1xx_hal_tim.o
    0x080020e6   0x080020e6   0x0000005a   Code   RO         2611    i.HAL_TIM_IC_Init   stm32f1xx_hal_tim.o
    0x08002140   0x08002140   0x00000068   Code   RO          407    i.HAL_TIM_IC_MspInit  stm32f1xx_hal_msp.o
    0x080021a8   0x080021a8   0x00000166   Code   RO         2620    i.HAL_TIM_IRQHandler  stm32f1xx_hal_tim.o
    0x0800230e   0x0800230e   0x00000002   Code   RO         2623    i.HAL_TIM_OC_DelayElapsedCallback  stm32f1xx_hal_tim.o
    0x08002310   0x08002310   0x00000002   Code   RO         2650    i.HAL_TIM_PWM_PulseFinishedCallback  stm32f1xx_hal_tim.o
    0x08002312   0x08002312   0x00000002   PAD
    0x08002314   0x08002314   0x00000014   Code   RO           15    i.HAL_TIM_PeriodElapsedCallback  main.o
    0x08002328   0x08002328   0x00000002   Code   RO         2663    i.HAL_TIM_TriggerCallback  stm32f1xx_hal_tim.o
    0x0800232a   0x0800232a   0x00000064   Code   RO         3573    i.HAL_UART_Init     stm32f1xx_hal_uart.o
    0x0800238e   0x0800238e   0x00000002   PAD
    0x08002390   0x08002390   0x000000ac   Code   RO          409    i.HAL_UART_MspInit  stm32f1xx_hal_msp.o
    0x0800243c   0x0800243c   0x0000009a   Code   RO         3581    i.HAL_UART_Transmit  stm32f1xx_hal_uart.o
    0x080024d6   0x080024d6   0x00000002   Code   RO          332    i.HardFault_Handler  stm32f1xx_it.o
    0x080024d8   0x080024d8   0x0000002e   Code   RO         1865    i.I2C_IsAcknowledgeFailed  stm32f1xx_hal_i2c.o
    0x08002506   0x08002506   0x00000002   PAD
    0x08002508   0x08002508   0x0000009c   Code   RO         1869    i.I2C_MasterRequestWrite  stm32f1xx_hal_i2c.o
    0x080025a4   0x080025a4   0x00000056   Code   RO         1880    i.I2C_WaitOnBTFFlagUntilTimeout  stm32f1xx_hal_i2c.o
    0x080025fa   0x080025fa   0x00000002   PAD
    0x080025fc   0x080025fc   0x00000090   Code   RO         1881    i.I2C_WaitOnFlagUntilTimeout  stm32f1xx_hal_i2c.o
    0x0800268c   0x0800268c   0x000000bc   Code   RO         1882    i.I2C_WaitOnMasterAddressFlagUntilTimeout  stm32f1xx_hal_i2c.o
    0x08002748   0x08002748   0x00000056   Code   RO         1884    i.I2C_WaitOnTXEFlagUntilTimeout  stm32f1xx_hal_i2c.o
    0x0800279e   0x0800279e   0x00000056   Code   RO         3944    i.LoRa_BurstWrite   lora.o
    0x080027f4   0x080027f4   0x00000066   Code   RO         3946    i.LoRa_gotoMode     lora.o
    0x0800285a   0x0800285a   0x000000e4   Code   RO         3947    i.LoRa_init         lora.o
    0x0800293e   0x0800293e   0x0000001e   Code   RO         3949    i.LoRa_read         lora.o
    0x0800295c   0x0800295c   0x00000058   Code   RO         3950    i.LoRa_readReg      lora.o
    0x080029b4   0x080029b4   0x0000007c   Code   RO         3951    i.LoRa_receive      lora.o
    0x08002a30   0x08002a30   0x00000028   Code   RO         3952    i.LoRa_reset        lora.o
    0x08002a58   0x08002a58   0x0000004c   Code   RO         3953    i.LoRa_setAutoLDO   lora.o
    0x08002aa4   0x08002aa4   0x00000040   Code   RO         3954    i.LoRa_setFrequency  lora.o
    0x08002ae4   0x08002ae4   0x0000002a   Code   RO         3955    i.LoRa_setLowDaraRateOptimization  lora.o
    0x08002b0e   0x08002b0e   0x0000003e   Code   RO         3956    i.LoRa_setOCP       lora.o
    0x08002b4c   0x08002b4c   0x00000014   Code   RO         3957    i.LoRa_setPower     lora.o
    0x08002b60   0x08002b60   0x00000040   Code   RO         3958    i.LoRa_setSpreadingFactor  lora.o
    0x08002ba0   0x08002ba0   0x00000020   Code   RO         3960    i.LoRa_setTOMsb_setCRCon  lora.o
    0x08002bc0   0x08002bc0   0x00000006   Code   RO         3961    i.LoRa_startReceiving  lora.o
    0x08002bc6   0x08002bc6   0x00000084   Code   RO         3962    i.LoRa_transmit     lora.o
    0x08002c4a   0x08002c4a   0x0000001e   Code   RO         3963    i.LoRa_write        lora.o
    0x08002c68   0x08002c68   0x00000058   Code   RO         3964    i.LoRa_writeReg     lora.o
    0x08002cc0   0x08002cc0   0x0000004c   Code   RO           16    i.MX_ADC1_Init      main.o
    0x08002d0c   0x08002d0c   0x0000004c   Code   RO           17    i.MX_ADC2_Init      main.o
    0x08002d58   0x08002d58   0x000000d8   Code   RO           18    i.MX_GPIO_Init      main.o
    0x08002e30   0x08002e30   0x00000044   Code   RO           19    i.MX_SPI1_Init      main.o
    0x08002e74   0x08002e74   0x00000068   Code   RO           20    i.MX_TIM2_Init      main.o
    0x08002edc   0x08002edc   0x00000002   Code   RO          333    i.MemManage_Handler  stm32f1xx_it.o
    0x08002ede   0x08002ede   0x00000002   Code   RO          334    i.NMI_Handler       stm32f1xx_it.o
    0x08002ee0   0x08002ee0   0x0000005c   Code   RO         2296    i.SPI_EndRxTransaction  stm32f1xx_hal_spi.o
    0x08002f3c   0x08002f3c   0x00000020   Code   RO         2297    i.SPI_EndRxTxTransaction  stm32f1xx_hal_spi.o
    0x08002f5c   0x08002f5c   0x000000b8   Code   RO         2302    i.SPI_WaitFlagStateUntilTimeout  stm32f1xx_hal_spi.o
    0x08003014   0x08003014   0x0000002c   Code   RO         6069    i.SysTick_Handler   port.o
    0x08003040   0x08003040   0x00000078   Code   RO           21    i.SystemClock_Config  main.o
    0x080030b8   0x080030b8   0x00000002   Code   RO         3907    i.SystemInit        system_stm32f1xx.o
    0x080030ba   0x080030ba   0x00000002   PAD
    0x080030bc   0x080030bc   0x0000000c   Code   RO          335    i.TIM4_IRQHandler   stm32f1xx_it.o
    0x080030c8   0x080030c8   0x0000006c   Code   RO         2665    i.TIM_Base_SetConfig  stm32f1xx_hal_tim.o
    0x08003134   0x08003134   0x00000058   Code   RO         2684    i.TIM_TI1_SetConfig  stm32f1xx_hal_tim.o
    0x0800318c   0x0800318c   0x00000036   Code   RO         2686    i.TIM_TI2_SetConfig  stm32f1xx_hal_tim.o
    0x080031c2   0x080031c2   0x00000002   PAD
    0x080031c4   0x080031c4   0x000000b8   Code   RO         3599    i.UART_SetConfig    stm32f1xx_hal_uart.o
    0x0800327c   0x0800327c   0x00000078   Code   RO         3602    i.UART_WaitOnFlagUntilTimeout  stm32f1xx_hal_uart.o
    0x080032f4   0x080032f4   0x00000002   Code   RO          336    i.UsageFault_Handler  stm32f1xx_it.o
    0x080032f6   0x080032f6   0x00000020   Code   RO         1324    i.__NVIC_SetPriority  stm32f1xx_hal_cortex.o
    0x08003316   0x08003316   0x0000000e   Code   RO         6262    i._is_digit         c_w.l(__printf_wp.o)
    0x08003324   0x08003324   0x00000258   Code   RO           22    i.formatJson        main.o
    0x0800357c   0x0800357c   0x0000000c   Code   RO         5638    i.inHandlerMode     cmsis_os.o
    0x08003588   0x08003588   0x00000016   Code   RO         4095    i.lcd_goto_XY       i2c-lcd.o
    0x0800359e   0x0800359e   0x0000005a   Code   RO         4096    i.lcd_init          i2c-lcd.o
    0x080035f8   0x080035f8   0x00000040   Code   RO         4097    i.lcd_send_cmd      i2c-lcd.o
    0x08003638   0x08003638   0x00000040   Code   RO         4098    i.lcd_send_data     i2c-lcd.o
    0x08003678   0x08003678   0x00000014   Code   RO         4099    i.lcd_send_string   i2c-lcd.o
    0x0800368c   0x0800368c   0x00000204   Code   RO           23    i.main              main.o
    0x08003890   0x08003890   0x0000000c   Code   RO         5640    i.makeFreeRtosPriority  cmsis_os.o
    0x0800389c   0x0800389c   0x00000038   Code   RO         3965    i.newLoRa           lora.o
    0x080038d4   0x080038d4   0x0000000a   Code   RO         5645    i.osKernelStart     cmsis_os.o
    0x080038de   0x080038de   0x0000003e   Code   RO         5671    i.osSemaphoreCreate  cmsis_os.o
    0x0800391c   0x0800391c   0x00000050   Code   RO         5674    i.osSemaphoreRelease  cmsis_os.o
    0x0800396c   0x0800396c   0x00000064   Code   RO         5675    i.osSemaphoreWait   cmsis_os.o
    0x080039d0   0x080039d0   0x00000054   Code   RO         5679    i.osThreadCreate    cmsis_os.o
    0x08003a24   0x08003a24   0x00000034   Code   RO           24    i.printUart         main.o
    0x08003a58   0x08003a58   0x00000070   Code   RO         5337    i.prvAddCurrentTaskToDelayedList  tasks.o
    0x08003ac8   0x08003ac8   0x000000d0   Code   RO         5338    i.prvAddNewTaskToReadyList  tasks.o
    0x08003b98   0x08003b98   0x00000026   Code   RO         5025    i.prvCopyDataFromQueue  queue.o
    0x08003bbe   0x08003bbe   0x0000006c   Code   RO         5026    i.prvCopyDataToQueue  queue.o
    0x08003c2a   0x08003c2a   0x00000034   Code   RO         5339    i.prvDeleteTCB      tasks.o
    0x08003c5e   0x08003c5e   0x00000002   PAD
    0x08003c60   0x08003c60   0x0000004c   Code   RO         6007    i.prvHeapInit       heap_4.o
    0x08003cac   0x08003cac   0x00000060   Code   RO         5340    i.prvIdleTask       tasks.o
    0x08003d0c   0x08003d0c   0x00000016   Code   RO         5028    i.prvInitialiseNewQueue  queue.o
    0x08003d22   0x08003d22   0x0000008e   Code   RO         5341    i.prvInitialiseNewTask  tasks.o
    0x08003db0   0x08003db0   0x0000004c   Code   RO         6008    i.prvInsertBlockIntoFreeList  heap_4.o
    0x08003dfc   0x08003dfc   0x0000001c   Code   RO         5029    i.prvIsQueueEmpty   queue.o
    0x08003e18   0x08003e18   0x00000020   Code   RO         5342    i.prvResetNextTaskUnblockTime  tasks.o
    0x08003e38   0x08003e38   0x00000028   Code   RO         6070    i.prvTaskExitError  port.o
    0x08003e60   0x08003e60   0x0000006a   Code   RO         5030    i.prvUnlockQueue    queue.o
    0x08003eca   0x08003eca   0x00000002   PAD
    0x08003ecc   0x08003ecc   0x000000d8   Code   RO         6009    i.pvPortMalloc      heap_4.o
    0x08003fa4   0x08003fa4   0x00000018   Code   RO         5344    i.pvTaskIncrementMutexHeldCount  tasks.o
    0x08003fbc   0x08003fbc   0x00000024   Code   RO         6071    i.pxPortInitialiseStack  port.o
    0x08003fe0   0x08003fe0   0x000000b0   Code   RO           27    i.recvMessageTask   main.o
    0x08004090   0x08004090   0x00000144   Code   RO           28    i.sendMessageTask   main.o
    0x080041d4   0x080041d4   0x00000026   Code   RO         4985    i.uxListRemove      list.o
    0x080041fa   0x080041fa   0x00000002   PAD
    0x080041fc   0x080041fc   0x00000014   Code   RO          295    i.vApplicationGetIdleTaskMemory  freertos.o
    0x08004210   0x08004210   0x00000016   Code   RO         4986    i.vListInitialise   list.o
    0x08004226   0x08004226   0x00000006   Code   RO         4987    i.vListInitialiseItem  list.o
    0x0800422c   0x0800422c   0x00000030   Code   RO         4988    i.vListInsert       list.o
    0x0800425c   0x0800425c   0x00000018   Code   RO         4989    i.vListInsertEnd    list.o
    0x08004274   0x08004274   0x00000040   Code   RO         6073    i.vPortEnterCritical  port.o
    0x080042b4   0x080042b4   0x00000028   Code   RO         6074    i.vPortExitCritical  port.o
    0x080042dc   0x080042dc   0x0000005c   Code   RO         6010    i.vPortFree         heap_4.o
    0x08004338   0x08004338   0x00000024   Code   RO         6075    i.vPortSetupTimerInterrupt  port.o
    0x0800435c   0x0800435c   0x00000054   Code   RO         6076    i.vPortValidateInterruptPriority  port.o
    0x080043b0   0x080043b0   0x00000010   Code   RO         5353    i.vTaskInternalSetTimeOutState  tasks.o
    0x080043c0   0x080043c0   0x0000000c   Code   RO         5354    i.vTaskMissedYield  tasks.o
    0x080043cc   0x080043cc   0x00000030   Code   RO         5356    i.vTaskPlaceOnEventList  tasks.o
    0x080043fc   0x080043fc   0x000000a8   Code   RO         5358    i.vTaskPriorityDisinheritAfterTimeout  tasks.o
    0x080044a4   0x080044a4   0x0000006c   Code   RO         5363    i.vTaskStartScheduler  tasks.o
    0x08004510   0x08004510   0x00000010   Code   RO         5365    i.vTaskSuspendAll   tasks.o
    0x08004520   0x08004520   0x0000005c   Code   RO         5366    i.vTaskSwitchContext  tasks.o
    0x0800457c   0x0800457c   0x000000a8   Code   RO         6077    i.xPortStartScheduler  port.o
    0x08004624   0x08004624   0x00000048   Code   RO         5039    i.xQueueGenericCreate  queue.o
    0x0800466c   0x0800466c   0x00000066   Code   RO         5040    i.xQueueGenericCreateStatic  queue.o
    0x080046d2   0x080046d2   0x00000002   PAD
    0x080046d4   0x080046d4   0x00000088   Code   RO         5041    i.xQueueGenericReset  queue.o
    0x0800475c   0x0800475c   0x00000160   Code   RO         5042    i.xQueueGenericSend  queue.o
    0x080048bc   0x080048bc   0x0000009c   Code   RO         5044    i.xQueueGiveFromISR  queue.o
    0x08004958   0x08004958   0x0000009a   Code   RO         5050    i.xQueueReceiveFromISR  queue.o
    0x080049f2   0x080049f2   0x00000002   PAD
    0x080049f4   0x080049f4   0x00000178   Code   RO         5051    i.xQueueSemaphoreTake  queue.o
    0x08004b6c   0x08004b6c   0x00000074   Code   RO         5367    i.xTaskCheckForTimeOut  tasks.o
    0x08004be0   0x08004be0   0x0000005a   Code   RO         5368    i.xTaskCreate       tasks.o
    0x08004c3a   0x08004c3a   0x00000056   Code   RO         5369    i.xTaskCreateStatic  tasks.o
    0x08004c90   0x08004c90   0x0000001c   Code   RO         5373    i.xTaskGetSchedulerState  tasks.o
    0x08004cac   0x08004cac   0x000000c8   Code   RO         5376    i.xTaskIncrementTick  tasks.o
    0x08004d74   0x08004d74   0x00000098   Code   RO         5379    i.xTaskPriorityDisinherit  tasks.o
    0x08004e0c   0x08004e0c   0x00000094   Code   RO         5380    i.xTaskPriorityInherit  tasks.o
    0x08004ea0   0x08004ea0   0x00000074   Code   RO         5381    i.xTaskRemoveFromEventList  tasks.o
    0x08004f14   0x08004f14   0x000000c4   Code   RO         5382    i.xTaskResumeAll    tasks.o
    0x08004fd8   0x08004fd8   0x000002b0   Code   RO         6309    x$fpl$ddiv          fz_ws.l(ddiv.o)
    0x08005288   0x08005288   0x0000005e   Code   RO         6314    x$fpl$dfix          fz_ws.l(dfix.o)
    0x080052e6   0x080052e6   0x0000002e   Code   RO         6319    x$fpl$dflt          fz_ws.l(dflt_clz.o)
    0x08005314   0x08005314   0x0000009c   Code   RO         6442    x$fpl$dnaninf       fz_ws.l(dnaninf.o)
    0x080053b0   0x080053b0   0x0000000c   Code   RO         6444    x$fpl$dretinf       fz_ws.l(dretinf.o)
    0x080053bc   0x080053bc   0x00000000   Code   RO         6448    x$fpl$usenofp       fz_ws.l(usenofp.o)
    0x080053bc   0x080053bc   0x00000038   Data   RO           33    .constdata          main.o
    0x080053f4   0x080053f4   0x00000012   Data   RO         1022    .constdata          stm32f1xx_hal_rcc.o
    0x08005406   0x08005406   0x00000010   Data   RO         3908    .constdata          system_stm32f1xx.o
    0x08005416   0x08005416   0x00000008   Data   RO         3909    .constdata          system_stm32f1xx.o
    0x0800541e   0x0800541e   0x00000002   PAD
    0x08005420   0x08005420   0x00000050   Data   RO         3966    .constdata          lora.o
    0x08005470   0x08005470   0x00000011   Data   RO         6265    .constdata          c_w.l(__printf_flags_wp.o)
    0x08005481   0x08005481   0x00000003   PAD
    0x08005484   0x08005484   0x00000018   Data   RO           34    .conststring        main.o
    0x0800549c   0x0800549c   0x00000020   Data   RO         6693    Region$$Table       anon$$obj.o


    Execution Region RW_IRAM1 (Exec base: 0x20000000, Load base: 0x080054bc, Size: 0x00001d10, Max: 0x00005000, ABSOLUTE)

    Exec Addr    Load Addr    Size         Type   Attr      Idx    E Section Name        Object

    0x20000000   0x080054bc   0x00000024   Data   RW           35    .data               main.o
    0x20000024   0x080054e0   0x0000000c   Data   RW          859    .data               stm32f1xx_hal.o
    0x20000030   0x080054ec   0x00000004   Data   RW         3910    .data               system_stm32f1xx.o
    0x20000034   0x080054f0   0x0000003c   Data   RW         5385    .data               tasks.o
    0x20000070   0x0800552c   0x00000018   Data   RW         6015    .data               heap_4.o
    0x20000088   0x08005544   0x0000000c   Data   RW         6078    .data               port.o
    0x20000094        -       0x0000068c   Zero   RW           30    .bss                main.o
    0x20000720        -       0x00000254   Zero   RW          296    .bss                freertos.o
    0x20000974        -       0x00000048   Zero   RW          486    .bss                stm32f1xx_hal_timebase_tim.o
    0x200009bc        -       0x000000f0   Zero   RW         5384    .bss                tasks.o
    0x20000aac        -       0x00000c00   Zero   RW         6014    .bss                heap_4.o
    0x200016ac        -       0x00000060   Zero   RW         6452    .bss                c_w.l(libspace.o)
    0x2000170c   0x08005550   0x00000004   PAD
    0x20001710        -       0x00000200   Zero   RW            2    HEAP                startup_stm32f103xb.o
    0x20001910        -       0x00000400   Zero   RW            1    STACK               startup_stm32f103xb.o


==============================================================================

Image component sizes


      Code (inc. data)   RO Data    RW Data    ZI Data      Debug   Object Name

         0          0          0          0          0        392   cjson.o
       360         10          0          0          0      28546   cmsis_os.o
         0          0          0          0          0      18292   event_groups.o
        20          4          0          0        596       1308   freertos.o
       460         24          0         24       3072       7407   heap_4.o
       260         12          0          0          0       2830   i2c-lcd.o
       138          0          0          0          0       3546   list.o
      1370          6         80          0          0      14595   lora.o
      2416        510         80         36       1676     501322   main.o
       662         70          0         12          0      11453   port.o
      1650         14          0          0          0      15476   queue.o
        64         26        236          0       1536        836   startup_stm32f103xb.o
       100         18          0         12          0       5418   stm32f1xx_hal.o
       622         24          0          0          0       3396   stm32f1xx_hal_adc.o
       158         14          0          0          0      28310   stm32f1xx_hal_cortex.o
       514         40          0          0          0       3583   stm32f1xx_hal_gpio.o
      1398         32          0          0          0       9341   stm32f1xx_hal_i2c.o
       780         92          0          0          0       4888   stm32f1xx_hal_msp.o
      1304         94         18          0          0       5909   stm32f1xx_hal_rcc.o
       236         12          0          0          0       1436   stm32f1xx_hal_rcc_ex.o
      1694          4          0          0          0       8969   stm32f1xx_hal_spi.o
      1178         38          0          0          0      10673   stm32f1xx_hal_tim.o
       108         12          0          0          0       2501   stm32f1xx_hal_tim_ex.o
       152         20          0          0         72       1551   stm32f1xx_hal_timebase_tim.o
       558          6          0          0          0       4104   stm32f1xx_hal_uart.o
        30          6          0          0          0       3656   stm32f1xx_it.o
         2          0         24          4          0       1191   system_stm32f1xx.o
      2258        162          0         60        240      23894   tasks.o

    ----------------------------------------------------------------------
     18522       1250        472        148       7192     724823   Object Totals
         0          0         32          0          0          0   (incl. Generated)
        30          0          2          0          0          0   (incl. Padding)

    ----------------------------------------------------------------------

      Code (inc. data)   RO Data    RW Data    ZI Data      Debug   Library Member Name

        44          6          0          0          0         84   __2sprintf.o
         8          0          0          0          0         68   __main.o
       312          4         17          0          0         92   __printf_flags_wp.o
        14          0          0          0          0         68   __printf_wp.o
         0          0          0          0          0          0   __rtentry.o
        12          0          0          0          0          0   __rtentry2.o
         6          0          0          0          0          0   __rtentry4.o
        52          8          0          0          0          0   __scatter.o
        26          0          0          0          0          0   __scatter_copy.o
        28          0          0          0          0          0   __scatter_zi.o
        44          0          0          0          0        108   _printf_char.o
        48          6          0          0          0         96   _printf_char_common.o
         6          0          0          0          0          0   _printf_d.o
       120         16          0          0          0         92   _printf_dec.o
       178          0          0          0          0         88   _printf_intcommon.o
         0          0          0          0          0          0   _printf_percent.o
         4          0          0          0          0          0   _printf_percent_end.o
         6          0          0          0          0          0   _printf_s.o
        82          0          0          0          0         80   _printf_str.o
        10          0          0          0          0         68   _sputc.o
        18          0          0          0          0         80   exit.o
         6          0          0          0          0        152   heapauxi.o
         0          0          0          0          0          0   indicate_semi.o
         2          0          0          0          0          0   libinit.o
         2          0          0          0          0          0   libinit2.o
         2          0          0          0          0          0   libshutdown.o
         2          0          0          0          0          0   libshutdown2.o
         8          4          0          0         96         68   libspace.o
        78          0          0          0          0         80   rt_memclr_w.o
       138          0          0          0          0         68   rt_memcpy_v6.o
       100          0          0          0          0         80   rt_memcpy_w.o
         2          0          0          0          0          0   rtexit.o
        10          0          0          0          0          0   rtexit2.o
        24          0          0          0          0         68   strcat.o
       128          0          0          0          0         68   strcmpv7m.o
        62          0          0          0          0         76   strlen.o
        12          4          0          0          0         68   sys_exit.o
        74          0          0          0          0         80   sys_stackheap_outer.o
         2          0          0          0          0         68   use_no_semi.o
       688        140          0          0          0        208   ddiv.o
        94          4          0          0          0         92   dfix.o
        46          0          0          0          0         68   dflt_clz.o
       156          4          0          0          0         92   dnaninf.o
        12          0          0          0          0         68   dretinf.o
         0          0          0          0          0          0   usenofp.o

    ----------------------------------------------------------------------
      2678        196         20          0        100       2328   Library Totals
        12          0          3          0          4          0   (incl. Padding)

    ----------------------------------------------------------------------

      Code (inc. data)   RO Data    RW Data    ZI Data      Debug   Library Name

      1670         48         17          0         96       1800   c_w.l
       996        148          0          0          0        528   fz_ws.l

    ----------------------------------------------------------------------
      2678        196         20          0        100       2328   Library Totals

    ----------------------------------------------------------------------

==============================================================================


      Code (inc. data)   RO Data    RW Data    ZI Data      Debug   

     21200       1446        492        148       7292     717319   Grand Totals
     21200       1446        492        148       7292     717319   ELF Image Totals
     21200       1446        492        148          0          0   ROM Totals

==============================================================================

    Total RO  Size (Code + RO Data)                21692 (  21.18kB)
    Total RW  Size (RW Data + ZI Data)              7440 (   7.27kB)
    Total ROM Size (Code + RO Data + RW Data)      21840 (  21.33kB)

==============================================================================

